/home/alvaro/Desktop/rover_ws/install/osr_control/lib/python3.12/site-packages/osr_control/ina_260_pub.py
/home/alvaro/Desktop/rover_ws/install/osr_control/lib/python3.12/site-packages/osr_control/rover.py
/home/alvaro/Desktop/rover_ws/install/osr_control/lib/python3.12/site-packages/osr_control/servo_control.py
/home/alvaro/Desktop/rover_ws/install/osr_control/lib/python3.12/site-packages/osr_control/__init__.py
/home/alvaro/Desktop/rover_ws/install/osr_control/lib/python3.12/site-packages/osr_control/joy_extras.py
/home/alvaro/Desktop/rover_ws/install/osr_control/lib/python3.12/site-packages/osr_control/roboclaw.py
/home/alvaro/Desktop/rover_ws/install/osr_control/lib/python3.12/site-packages/osr_control/roboclaw_wrapper.py
/home/alvaro/Desktop/rover_ws/install/osr_control/lib/python3.12/site-packages/osr_control/__pycache__/ina_260_pub.cpython-312.pyc
/home/alvaro/Desktop/rover_ws/install/osr_control/lib/python3.12/site-packages/osr_control/__pycache__/rover.cpython-312.pyc
/home/alvaro/Desktop/rover_ws/install/osr_control/lib/python3.12/site-packages/osr_control/__pycache__/servo_control.cpython-312.pyc
/home/alvaro/Desktop/rover_ws/install/osr_control/lib/python3.12/site-packages/osr_control/__pycache__/__init__.cpython-312.pyc
/home/alvaro/Desktop/rover_ws/install/osr_control/lib/python3.12/site-packages/osr_control/__pycache__/joy_extras.cpython-312.pyc
/home/alvaro/Desktop/rover_ws/install/osr_control/lib/python3.12/site-packages/osr_control/__pycache__/roboclaw.cpython-312.pyc
/home/alvaro/Desktop/rover_ws/install/osr_control/lib/python3.12/site-packages/osr_control/__pycache__/roboclaw_wrapper.cpython-312.pyc
/home/alvaro/Desktop/rover_ws/install/osr_control/share/ament_index/resource_index/packages/osr_control
/home/alvaro/Desktop/rover_ws/install/osr_control/share/osr_control/package.xml
/home/alvaro/Desktop/rover_ws/install/osr_control/share/osr_control/launch
/home/alvaro/Desktop/rover_ws/install/osr_control/share/osr_control/config
/home/alvaro/Desktop/rover_ws/install/osr_control/lib/python3.12/site-packages/osr_control-0.0.0-py3.12.egg-info/entry_points.txt
/home/alvaro/Desktop/rover_ws/install/osr_control/lib/python3.12/site-packages/osr_control-0.0.0-py3.12.egg-info/PKG-INFO
/home/alvaro/Desktop/rover_ws/install/osr_control/lib/python3.12/site-packages/osr_control-0.0.0-py3.12.egg-info/requires.txt
/home/alvaro/Desktop/rover_ws/install/osr_control/lib/python3.12/site-packages/osr_control-0.0.0-py3.12.egg-info/top_level.txt
/home/alvaro/Desktop/rover_ws/install/osr_control/lib/python3.12/site-packages/osr_control-0.0.0-py3.12.egg-info/dependency_links.txt
/home/alvaro/Desktop/rover_ws/install/osr_control/lib/python3.12/site-packages/osr_control-0.0.0-py3.12.egg-info/zip-safe
/home/alvaro/Desktop/rover_ws/install/osr_control/lib/python3.12/site-packages/osr_control-0.0.0-py3.12.egg-info/SOURCES.txt
/home/alvaro/Desktop/rover_ws/install/osr_control/lib/osr_control/ina260
/home/alvaro/Desktop/rover_ws/install/osr_control/lib/osr_control/joy_extras
/home/alvaro/Desktop/rover_ws/install/osr_control/lib/osr_control/roboclaw_wrapper
/home/alvaro/Desktop/rover_ws/install/osr_control/lib/osr_control/rover
/home/alvaro/Desktop/rover_ws/install/osr_control/lib/osr_control/servo_control
