[0.014s] Invoking command in '/home/muarcianos/rover_ws/build/osr_bringup': CMAKE_PREFIX_PATH=${CMAKE_PREFIX_PATH}:/home/muarcianos/osr_ws/install/osr_control:/opt/ros/jazzy DEBUGINFOD_URLS=https://debuginfod.ubuntu.com PS1=(venv) \[\e]0;\u@\h: \w\a\]${debian_chroot:+($debian_chroot)}\[\033[01;32m\]\u@\h\[\033[00m\]:\[\033[01;34m\]\w\[\033[00m\]\$ VIRTUAL_ENV_PROMPT=(venv) /usr/bin/cmake /home/muarcianos/rover_ws/src/osr-rover-code/ROS/osr_bringup -DCMAKE_INSTALL_PREFIX=/home/muarcianos/rover_ws/install/osr_bringup
[0.538s] -- The C compiler identification is GNU 13.3.0
[0.969s] -- The CXX compiler identification is GNU 13.3.0
[1.012s] -- Detecting C compiler ABI info
[1.255s] -- Detecting C compiler ABI info - done
[1.270s] -- Check for working C compiler: /usr/bin/cc - skipped
[1.272s] -- Detecting C compile features
[1.273s] -- Detecting C compile features - done
[1.291s] -- Detecting CXX compiler ABI info
[1.505s] -- Detecting CXX compiler ABI info - done
[1.523s] -- Check for working CXX compiler: /usr/bin/c++ - skipped
[1.524s] -- Detecting CXX compile features
[1.524s] -- Detecting CXX compile features - done
[1.537s] -- Found ament_cmake: 2.5.4 (/opt/ros/jazzy/share/ament_cmake/cmake)
[1.816s] -- Found Python3: /home/muarcianos/osr_ws/venv/bin/python3 (found version "3.12.3") found components: Interpreter 
[2.085s] -- Found ament_lint_auto: 0.17.3 (/opt/ros/jazzy/share/ament_lint_auto/cmake)
[2.322s] -- Added test 'copyright' to check source files copyright and LICENSE
[2.326s] -- Added test 'flake8' to check Python code syntax and style conventions
[2.326s] -- Configured 'flake8' exclude dirs and/or files: 
[2.328s] -- Added test 'lint_cmake' to check CMake code style
[2.329s] -- Added test 'pep257' to check Python code against some of the docstring style conventions in PEP 257
[2.331s] -- Added test 'xmllint' to check XML markup files
[2.335s] -- Configuring done (2.3s)
[2.340s] -- Generating done (0.0s)
[2.344s] -- Build files have been written to: /home/muarcianos/rover_ws/build/osr_bringup
[2.354s] Invoked command in '/home/muarcianos/rover_ws/build/osr_bringup' returned '0': CMAKE_PREFIX_PATH=${CMAKE_PREFIX_PATH}:/home/muarcianos/osr_ws/install/osr_control:/opt/ros/jazzy DEBUGINFOD_URLS=https://debuginfod.ubuntu.com PS1=(venv) \[\e]0;\u@\h: \w\a\]${debian_chroot:+($debian_chroot)}\[\033[01;32m\]\u@\h\[\033[00m\]:\[\033[01;34m\]\w\[\033[00m\]\$ VIRTUAL_ENV_PROMPT=(venv) /usr/bin/cmake /home/muarcianos/rover_ws/src/osr-rover-code/ROS/osr_bringup -DCMAKE_INSTALL_PREFIX=/home/muarcianos/rover_ws/install/osr_bringup
[2.357s] Invoking command in '/home/muarcianos/rover_ws/build/osr_bringup': CMAKE_PREFIX_PATH=${CMAKE_PREFIX_PATH}:/home/muarcianos/osr_ws/install/osr_control:/opt/ros/jazzy DEBUGINFOD_URLS=https://debuginfod.ubuntu.com PS1=(venv) \[\e]0;\u@\h: \w\a\]${debian_chroot:+($debian_chroot)}\[\033[01;32m\]\u@\h\[\033[00m\]:\[\033[01;34m\]\w\[\033[00m\]\$ VIRTUAL_ENV_PROMPT=(venv) /usr/bin/cmake --build /home/muarcianos/rover_ws/build/osr_bringup -- -j4 -l4
[2.429s] Invoked command in '/home/muarcianos/rover_ws/build/osr_bringup' returned '0': CMAKE_PREFIX_PATH=${CMAKE_PREFIX_PATH}:/home/muarcianos/osr_ws/install/osr_control:/opt/ros/jazzy DEBUGINFOD_URLS=https://debuginfod.ubuntu.com PS1=(venv) \[\e]0;\u@\h: \w\a\]${debian_chroot:+($debian_chroot)}\[\033[01;32m\]\u@\h\[\033[00m\]:\[\033[01;34m\]\w\[\033[00m\]\$ VIRTUAL_ENV_PROMPT=(venv) /usr/bin/cmake --build /home/muarcianos/rover_ws/build/osr_bringup -- -j4 -l4
[2.448s] Invoking command in '/home/muarcianos/rover_ws/build/osr_bringup': CMAKE_PREFIX_PATH=${CMAKE_PREFIX_PATH}:/home/muarcianos/osr_ws/install/osr_control:/opt/ros/jazzy DEBUGINFOD_URLS=https://debuginfod.ubuntu.com PS1=(venv) \[\e]0;\u@\h: \w\a\]${debian_chroot:+($debian_chroot)}\[\033[01;32m\]\u@\h\[\033[00m\]:\[\033[01;34m\]\w\[\033[00m\]\$ VIRTUAL_ENV_PROMPT=(venv) /usr/bin/cmake --install /home/muarcianos/rover_ws/build/osr_bringup
[2.463s] -- Install configuration: ""
[2.463s] -- Installing: /home/muarcianos/rover_ws/install/osr_bringup/share/osr_bringup/launch
[2.464s] -- Installing: /home/muarcianos/rover_ws/install/osr_bringup/share/osr_bringup/launch/.gitignore
[2.464s] -- Installing: /home/muarcianos/rover_ws/install/osr_bringup/share/osr_bringup/launch/osr_launch.py
[2.464s] -- Installing: /home/muarcianos/rover_ws/install/osr_bringup/share/osr_bringup/config
[2.464s] -- Installing: /home/muarcianos/rover_ws/install/osr_bringup/share/osr_bringup/config/roboclaw_params.yaml
[2.464s] -- Installing: /home/muarcianos/rover_ws/install/osr_bringup/share/osr_bringup/config/osr_params.yaml
[2.464s] -- Installing: /home/muarcianos/rover_ws/install/osr_bringup/share/ament_index/resource_index/package_run_dependencies/osr_bringup
[2.465s] -- Installing: /home/muarcianos/rover_ws/install/osr_bringup/share/ament_index/resource_index/parent_prefix_path/osr_bringup
[2.465s] -- Installing: /home/muarcianos/rover_ws/install/osr_bringup/share/osr_bringup/environment/ament_prefix_path.sh
[2.465s] -- Installing: /home/muarcianos/rover_ws/install/osr_bringup/share/osr_bringup/environment/ament_prefix_path.dsv
[2.465s] -- Installing: /home/muarcianos/rover_ws/install/osr_bringup/share/osr_bringup/environment/path.sh
[2.466s] -- Installing: /home/muarcianos/rover_ws/install/osr_bringup/share/osr_bringup/environment/path.dsv
[2.466s] -- Installing: /home/muarcianos/rover_ws/install/osr_bringup/share/osr_bringup/local_setup.bash
[2.466s] -- Installing: /home/muarcianos/rover_ws/install/osr_bringup/share/osr_bringup/local_setup.sh
[2.466s] -- Installing: /home/muarcianos/rover_ws/install/osr_bringup/share/osr_bringup/local_setup.zsh
[2.466s] -- Installing: /home/muarcianos/rover_ws/install/osr_bringup/share/osr_bringup/local_setup.dsv
[2.466s] -- Installing: /home/muarcianos/rover_ws/install/osr_bringup/share/osr_bringup/package.dsv
[2.467s] -- Installing: /home/muarcianos/rover_ws/install/osr_bringup/share/ament_index/resource_index/packages/osr_bringup
[2.467s] -- Installing: /home/muarcianos/rover_ws/install/osr_bringup/share/osr_bringup/cmake/osr_bringupConfig.cmake
[2.467s] -- Installing: /home/muarcianos/rover_ws/install/osr_bringup/share/osr_bringup/cmake/osr_bringupConfig-version.cmake
[2.467s] -- Installing: /home/muarcianos/rover_ws/install/osr_bringup/share/osr_bringup/package.xml
[2.471s] Invoked command in '/home/muarcianos/rover_ws/build/osr_bringup' returned '0': CMAKE_PREFIX_PATH=${CMAKE_PREFIX_PATH}:/home/muarcianos/osr_ws/install/osr_control:/opt/ros/jazzy DEBUGINFOD_URLS=https://debuginfod.ubuntu.com PS1=(venv) \[\e]0;\u@\h: \w\a\]${debian_chroot:+($debian_chroot)}\[\033[01;32m\]\u@\h\[\033[00m\]:\[\033[01;34m\]\w\[\033[00m\]\$ VIRTUAL_ENV_PROMPT=(venv) /usr/bin/cmake --install /home/muarcianos/rover_ws/build/osr_bringup
