[1.645s] Invoking command in '/home/muarcianos/rover_ws/src/osr-rover-code/ROS/osr_control': AMENT_PREFIX_PATH=/home/muarcianos/rover_ws/install/osr_interfaces:${AMENT_PREFIX_PATH} CMAKE_PREFIX_PATH=/home/muarcianos/rover_ws/install/osr_interfaces:${CMAKE_PREFIX_PATH} DEBUGINFOD_URLS=https://debuginfod.ubuntu.com LD_LIBRARY_PATH=/home/muarcianos/rover_ws/install/osr_interfaces/lib:${LD_LIBRARY_PATH} PS1=(venv) \[\e]0;\u@\h: \w\a\]${debian_chroot:+($debian_chroot)}\[\033[01;32m\]\u@\h\[\033[00m\]:\[\033[01;34m\]\w\[\033[00m\]\$ PYTHONPATH=/home/muarcianos/rover_ws/build/osr_control/prefix_override:/usr/lib/python3/dist-packages/colcon_core/task/python/colcon_distutils_commands:/home/muarcianos/rover_ws/install/osr_control/lib/python3.12/site-packages:/home/muarcianos/rover_ws/install/osr_interfaces/lib/python3.12/site-packages:${PYTHONPATH} VIRTUAL_ENV_PROMPT=(venv) /usr/bin/python3 -W ignore:setup.py install is deprecated -W ignore:easy_install command is deprecated setup.py egg_info --egg-base ../../../../build/osr_control build --build-base /home/muarcianos/rover_ws/build/osr_control/build install --record /home/muarcianos/rover_ws/build/osr_control/install.log --single-version-externally-managed install_data
[2.011s] running egg_info
[2.011s] creating ../../../../build/osr_control/osr_control.egg-info
[2.037s] writing ../../../../build/osr_control/osr_control.egg-info/PKG-INFO
[2.037s] writing dependency_links to ../../../../build/osr_control/osr_control.egg-info/dependency_links.txt
[2.037s] writing entry points to ../../../../build/osr_control/osr_control.egg-info/entry_points.txt
[2.038s] writing requirements to ../../../../build/osr_control/osr_control.egg-info/requires.txt
[2.038s] writing top-level names to ../../../../build/osr_control/osr_control.egg-info/top_level.txt
[2.038s] writing manifest file '../../../../build/osr_control/osr_control.egg-info/SOURCES.txt'
[2.090s] reading manifest file '../../../../build/osr_control/osr_control.egg-info/SOURCES.txt'
[2.091s] writing manifest file '../../../../build/osr_control/osr_control.egg-info/SOURCES.txt'
[2.091s] running build
[2.092s] running build_py
[2.092s] creating /home/muarcianos/rover_ws/build/osr_control/build
[2.092s] creating /home/muarcianos/rover_ws/build/osr_control/build/lib
[2.092s] creating /home/muarcianos/rover_ws/build/osr_control/build/lib/osr_control
[2.092s] copying osr_control/roboclaw_wrapper.py -> /home/muarcianos/rover_ws/build/osr_control/build/lib/osr_control
[2.092s] copying osr_control/servo_control.py -> /home/muarcianos/rover_ws/build/osr_control/build/lib/osr_control
[2.093s] copying osr_control/roboclaw.py -> /home/muarcianos/rover_ws/build/osr_control/build/lib/osr_control
[2.093s] copying osr_control/joy_extras.py -> /home/muarcianos/rover_ws/build/osr_control/build/lib/osr_control
[2.093s] copying osr_control/__init__.py -> /home/muarcianos/rover_ws/build/osr_control/build/lib/osr_control
[2.093s] copying osr_control/ina_260_pub.py -> /home/muarcianos/rover_ws/build/osr_control/build/lib/osr_control
[2.093s] copying osr_control/rover.py -> /home/muarcianos/rover_ws/build/osr_control/build/lib/osr_control
[2.094s] running install
[2.103s] running install_lib
[2.129s] creating /home/muarcianos/rover_ws/install/osr_control/lib/python3.12/site-packages/osr_control
[2.130s] copying /home/muarcianos/rover_ws/build/osr_control/build/lib/osr_control/roboclaw_wrapper.py -> /home/muarcianos/rover_ws/install/osr_control/lib/python3.12/site-packages/osr_control
[2.130s] copying /home/muarcianos/rover_ws/build/osr_control/build/lib/osr_control/servo_control.py -> /home/muarcianos/rover_ws/install/osr_control/lib/python3.12/site-packages/osr_control
[2.130s] copying /home/muarcianos/rover_ws/build/osr_control/build/lib/osr_control/roboclaw.py -> /home/muarcianos/rover_ws/install/osr_control/lib/python3.12/site-packages/osr_control
[2.130s] copying /home/muarcianos/rover_ws/build/osr_control/build/lib/osr_control/joy_extras.py -> /home/muarcianos/rover_ws/install/osr_control/lib/python3.12/site-packages/osr_control
[2.130s] copying /home/muarcianos/rover_ws/build/osr_control/build/lib/osr_control/__init__.py -> /home/muarcianos/rover_ws/install/osr_control/lib/python3.12/site-packages/osr_control
[2.130s] copying /home/muarcianos/rover_ws/build/osr_control/build/lib/osr_control/ina_260_pub.py -> /home/muarcianos/rover_ws/install/osr_control/lib/python3.12/site-packages/osr_control
[2.131s] copying /home/muarcianos/rover_ws/build/osr_control/build/lib/osr_control/rover.py -> /home/muarcianos/rover_ws/install/osr_control/lib/python3.12/site-packages/osr_control
[2.131s] byte-compiling /home/muarcianos/rover_ws/install/osr_control/lib/python3.12/site-packages/osr_control/roboclaw_wrapper.py to roboclaw_wrapper.cpython-312.pyc
[2.138s] byte-compiling /home/muarcianos/rover_ws/install/osr_control/lib/python3.12/site-packages/osr_control/servo_control.py to servo_control.cpython-312.pyc
[2.140s] byte-compiling /home/muarcianos/rover_ws/install/osr_control/lib/python3.12/site-packages/osr_control/roboclaw.py to roboclaw.cpython-312.pyc
[2.154s] byte-compiling /home/muarcianos/rover_ws/install/osr_control/lib/python3.12/site-packages/osr_control/joy_extras.py to joy_extras.cpython-312.pyc
[2.156s] byte-compiling /home/muarcianos/rover_ws/install/osr_control/lib/python3.12/site-packages/osr_control/__init__.py to __init__.cpython-312.pyc
[2.156s] byte-compiling /home/muarcianos/rover_ws/install/osr_control/lib/python3.12/site-packages/osr_control/ina_260_pub.py to ina_260_pub.cpython-312.pyc
[2.157s] byte-compiling /home/muarcianos/rover_ws/install/osr_control/lib/python3.12/site-packages/osr_control/rover.py to rover.cpython-312.pyc
[2.161s] running install_data
[2.161s] creating /home/muarcianos/rover_ws/install/osr_control/share/ament_index
[2.161s] creating /home/muarcianos/rover_ws/install/osr_control/share/ament_index/resource_index
[2.161s] creating /home/muarcianos/rover_ws/install/osr_control/share/ament_index/resource_index/packages
[2.161s] copying resource/osr_control -> /home/muarcianos/rover_ws/install/osr_control/share/ament_index/resource_index/packages
[2.162s] copying package.xml -> /home/muarcianos/rover_ws/install/osr_control/share/osr_control
[2.162s] creating /home/muarcianos/rover_ws/install/osr_control/share/osr_control/launch
[2.162s] creating /home/muarcianos/rover_ws/install/osr_control/share/osr_control/config
[2.162s] running install_egg_info
[2.190s] Copying ../../../../build/osr_control/osr_control.egg-info to /home/muarcianos/rover_ws/install/osr_control/lib/python3.12/site-packages/osr_control-0.0.0-py3.12.egg-info
[2.191s] running install_scripts
[2.375s] Installing ina260 script to /home/muarcianos/rover_ws/install/osr_control/lib/osr_control
[2.375s] Installing joy_extras script to /home/muarcianos/rover_ws/install/osr_control/lib/osr_control
[2.375s] Installing roboclaw_wrapper script to /home/muarcianos/rover_ws/install/osr_control/lib/osr_control
[2.375s] Installing rover script to /home/muarcianos/rover_ws/install/osr_control/lib/osr_control
[2.375s] Installing servo_control script to /home/muarcianos/rover_ws/install/osr_control/lib/osr_control
[2.376s] writing list of installed files to '/home/muarcianos/rover_ws/build/osr_control/install.log'
[2.467s] Invoked command in '/home/muarcianos/rover_ws/src/osr-rover-code/ROS/osr_control' returned '0': AMENT_PREFIX_PATH=/home/muarcianos/rover_ws/install/osr_interfaces:${AMENT_PREFIX_PATH} CMAKE_PREFIX_PATH=/home/muarcianos/rover_ws/install/osr_interfaces:${CMAKE_PREFIX_PATH} DEBUGINFOD_URLS=https://debuginfod.ubuntu.com LD_LIBRARY_PATH=/home/muarcianos/rover_ws/install/osr_interfaces/lib:${LD_LIBRARY_PATH} PS1=(venv) \[\e]0;\u@\h: \w\a\]${debian_chroot:+($debian_chroot)}\[\033[01;32m\]\u@\h\[\033[00m\]:\[\033[01;34m\]\w\[\033[00m\]\$ PYTHONPATH=/home/muarcianos/rover_ws/build/osr_control/prefix_override:/usr/lib/python3/dist-packages/colcon_core/task/python/colcon_distutils_commands:/home/muarcianos/rover_ws/install/osr_control/lib/python3.12/site-packages:/home/muarcianos/rover_ws/install/osr_interfaces/lib/python3.12/site-packages:${PYTHONPATH} VIRTUAL_ENV_PROMPT=(venv) /usr/bin/python3 -W ignore:setup.py install is deprecated -W ignore:easy_install command is deprecated setup.py egg_info --egg-base ../../../../build/osr_control build --build-base /home/muarcianos/rover_ws/build/osr_control/build install --record /home/muarcianos/rover_ws/build/osr_control/install.log --single-version-externally-managed install_data
