-- The C compiler identification is GNU 13.3.0
-- The CXX compiler identification is GNU 13.3.0
-- Detecting C compiler ABI info
-- Detecting C compiler ABI info - done
-- Check for working C compiler: /usr/bin/cc - skipped
-- Detecting C compile features
-- Detecting C compile features - done
-- Detecting CXX compiler ABI info
-- Detecting CXX compiler ABI info - done
-- Check for working CXX compiler: /usr/bin/c++ - skipped
-- Detecting CXX compile features
-- Detecting CXX compile features - done
-- Found rosidl_default_generators: 1.6.0 (/opt/ros/jazzy/share/rosidl_default_generators/cmake)
-- Found Python3: /home/muarcianos/osr_ws/venv/bin/python3 (found version "3.12.3") found components: Interpreter 
-- Using all available rosidl_typesupport_c: rosidl_typesupport_fastrtps_c;rosidl_typesupport_introspection_c
-- Using all available rosidl_typesupport_cpp: rosidl_typesupport_fastrtps_cpp;rosidl_typesupport_introspection_cpp
-- Found rosidl_adapter: 4.6.6 (/opt/ros/jazzy/share/rosidl_adapter/cmake)
-- Found ament_cmake_ros: 0.12.0 (/opt/ros/jazzy/share/ament_cmake_ros/cmake)
-- Using all available rosidl_typesupport_c: rosidl_typesupport_fastrtps_c;rosidl_typesupport_introspection_c
-- Using all available rosidl_typesupport_cpp: rosidl_typesupport_fastrtps_cpp;rosidl_typesupport_introspection_cpp
-- Found python_cmake_module: 0.11.1 (/opt/ros/jazzy/share/python_cmake_module/cmake)
-- Found PythonExtra: /home/muarcianos/osr_ws/venv/bin/python3  
-- Found Python3: /home/muarcianos/osr_ws/venv/bin/python3 (found version "3.12.3") found components: Interpreter Development NumPy Development.Module Development.Embed 
-- Found ament_lint_auto: 0.17.3 (/opt/ros/jazzy/share/ament_lint_auto/cmake)
-- Added test 'copyright' to check source files copyright and LICENSE
-- Added test 'lint_cmake' to check CMake code style
-- Added test 'xmllint' to check XML markup files
-- Configuring done (5.7s)
-- Generating done (0.0s)
-- Build files have been written to: /home/muarcianos/rover_ws/build/osr_interfaces
[  1%] [34m[1mGenerating type hashes for ROS interfaces[0m
[  1%] Built target ament_cmake_python_copy_osr_interfaces
running egg_info
creating osr_interfaces.egg-info
writing osr_interfaces.egg-info/PKG-INFO
writing dependency_links to osr_interfaces.egg-info/dependency_links.txt
writing top-level names to osr_interfaces.egg-info/top_level.txt
writing manifest file 'osr_interfaces.egg-info/SOURCES.txt'
[  1%] Built target osr_interfaces__rosidl_generator_type_description
[  3%] [34m[1mGenerating C code for ROS interfaces[0m
[  5%] [34m[1mGenerating C++ code for ROS interfaces[0m
reading manifest file 'osr_interfaces.egg-info/SOURCES.txt'
writing manifest file 'osr_interfaces.egg-info/SOURCES.txt'
[  5%] Built target ament_cmake_python_build_osr_interfaces_egg
[  5%] Built target osr_interfaces__cpp
[ 11%] [32mBuilding C object CMakeFiles/osr_interfaces__rosidl_generator_c.dir/rosidl_generator_c/osr_interfaces/msg/detail/status__description.c.o[0m
[ 11%] [32mBuilding C object CMakeFiles/osr_interfaces__rosidl_generator_c.dir/rosidl_generator_c/osr_interfaces/msg/detail/status__functions.c.o[0m
[ 12%] [32mBuilding C object CMakeFiles/osr_interfaces__rosidl_generator_c.dir/rosidl_generator_c/osr_interfaces/msg/detail/command_drive__description.c.o[0m
[ 11%] [32mBuilding C object CMakeFiles/osr_interfaces__rosidl_generator_c.dir/rosidl_generator_c/osr_interfaces/msg/detail/status__type_support.c.o[0m
[ 14%] [32mBuilding C object CMakeFiles/osr_interfaces__rosidl_generator_c.dir/rosidl_generator_c/osr_interfaces/msg/detail/command_drive__functions.c.o[0m
[ 16%] [32mBuilding C object CMakeFiles/osr_interfaces__rosidl_generator_c.dir/rosidl_generator_c/osr_interfaces/msg/detail/command_drive__type_support.c.o[0m
[ 18%] [32mBuilding C object CMakeFiles/osr_interfaces__rosidl_generator_c.dir/rosidl_generator_c/osr_interfaces/msg/detail/command_corner__description.c.o[0m
[ 20%] [32mBuilding C object CMakeFiles/osr_interfaces__rosidl_generator_c.dir/rosidl_generator_c/osr_interfaces/msg/detail/command_corner__functions.c.o[0m
[ 22%] [32mBuilding C object CMakeFiles/osr_interfaces__rosidl_generator_c.dir/rosidl_generator_c/osr_interfaces/msg/detail/command_corner__type_support.c.o[0m
[ 24%] [32m[1mLinking C shared library libosr_interfaces__rosidl_generator_c.so[0m
[ 24%] Built target osr_interfaces__rosidl_generator_c
[ 29%] [34m[1mGenerating C++ type support for eProsima Fast-RTPS[0m
[ 29%] [34m[1mGenerating C type support dispatch for ROS interfaces[0m
[ 29%] [34m[1mGenerating C++ introspection for ROS interfaces[0m
[ 31%] [34m[1mGenerating C++ type support dispatch for ROS interfaces[0m
[ 33%] [32mBuilding CXX object CMakeFiles/osr_interfaces__rosidl_typesupport_c.dir/rosidl_typesupport_c/osr_interfaces/msg/status__type_support.cpp.o[0m
[ 35%] [32mBuilding CXX object CMakeFiles/osr_interfaces__rosidl_typesupport_cpp.dir/rosidl_typesupport_cpp/osr_interfaces/msg/status__type_support.cpp.o[0m
[ 37%] [32mBuilding CXX object CMakeFiles/osr_interfaces__rosidl_typesupport_introspection_cpp.dir/rosidl_typesupport_introspection_cpp/osr_interfaces/msg/detail/status__type_support.cpp.o[0m
[ 38%] [32mBuilding CXX object CMakeFiles/osr_interfaces__rosidl_typesupport_c.dir/rosidl_typesupport_c/osr_interfaces/msg/command_drive__type_support.cpp.o[0m
[ 42%] [32mBuilding CXX object CMakeFiles/osr_interfaces__rosidl_typesupport_c.dir/rosidl_typesupport_c/osr_interfaces/msg/command_corner__type_support.cpp.o[0m
[ 42%] [32mBuilding CXX object CMakeFiles/osr_interfaces__rosidl_typesupport_fastrtps_cpp.dir/rosidl_typesupport_fastrtps_cpp/osr_interfaces/msg/detail/dds_fastrtps/status__type_support.cpp.o[0m
[ 44%] [32m[1mLinking CXX shared library libosr_interfaces__rosidl_typesupport_c.so[0m
[ 44%] Built target osr_interfaces__rosidl_typesupport_c
[ 46%] [34m[1mGenerating C type support for eProsima Fast-RTPS[0m
[ 48%] [32mBuilding CXX object CMakeFiles/osr_interfaces__rosidl_typesupport_cpp.dir/rosidl_typesupport_cpp/osr_interfaces/msg/command_drive__type_support.cpp.o[0m
[ 50%] [32mBuilding CXX object CMakeFiles/osr_interfaces__rosidl_typesupport_introspection_cpp.dir/rosidl_typesupport_introspection_cpp/osr_interfaces/msg/detail/command_drive__type_support.cpp.o[0m
[ 51%] [32mBuilding CXX object CMakeFiles/osr_interfaces__rosidl_typesupport_fastrtps_c.dir/rosidl_typesupport_fastrtps_c/osr_interfaces/msg/detail/status__type_support_c.cpp.o[0m
[ 53%] [32mBuilding CXX object CMakeFiles/osr_interfaces__rosidl_typesupport_fastrtps_cpp.dir/rosidl_typesupport_fastrtps_cpp/osr_interfaces/msg/detail/dds_fastrtps/command_drive__type_support.cpp.o[0m
[ 55%] [32mBuilding CXX object CMakeFiles/osr_interfaces__rosidl_typesupport_cpp.dir/rosidl_typesupport_cpp/osr_interfaces/msg/command_corner__type_support.cpp.o[0m
[ 57%] [32mBuilding CXX object CMakeFiles/osr_interfaces__rosidl_typesupport_introspection_cpp.dir/rosidl_typesupport_introspection_cpp/osr_interfaces/msg/detail/command_corner__type_support.cpp.o[0m
[ 59%] [32m[1mLinking CXX shared library libosr_interfaces__rosidl_typesupport_cpp.so[0m
[ 61%] [32m[1mLinking CXX shared library libosr_interfaces__rosidl_typesupport_introspection_cpp.so[0m
[ 61%] Built target osr_interfaces__rosidl_typesupport_cpp
[ 62%] [34m[1mGenerating C introspection for ROS interfaces[0m
[ 64%] [32mBuilding CXX object CMakeFiles/osr_interfaces__rosidl_typesupport_fastrtps_c.dir/rosidl_typesupport_fastrtps_c/osr_interfaces/msg/detail/command_drive__type_support_c.cpp.o[0m
[ 64%] Built target osr_interfaces__rosidl_typesupport_introspection_cpp
[ 66%] [32mBuilding CXX object CMakeFiles/osr_interfaces__rosidl_typesupport_fastrtps_cpp.dir/rosidl_typesupport_fastrtps_cpp/osr_interfaces/msg/detail/dds_fastrtps/command_corner__type_support.cpp.o[0m
[ 68%] [32mBuilding CXX object CMakeFiles/osr_interfaces__rosidl_typesupport_fastrtps_c.dir/rosidl_typesupport_fastrtps_c/osr_interfaces/msg/detail/command_corner__type_support_c.cpp.o[0m
[ 70%] [32mBuilding C object CMakeFiles/osr_interfaces__rosidl_typesupport_introspection_c.dir/rosidl_typesupport_introspection_c/osr_interfaces/msg/detail/status__type_support.c.o[0m
[ 72%] [32mBuilding C object CMakeFiles/osr_interfaces__rosidl_typesupport_introspection_c.dir/rosidl_typesupport_introspection_c/osr_interfaces/msg/detail/command_drive__type_support.c.o[0m
[ 74%] [32mBuilding C object CMakeFiles/osr_interfaces__rosidl_typesupport_introspection_c.dir/rosidl_typesupport_introspection_c/osr_interfaces/msg/detail/command_corner__type_support.c.o[0m
[ 75%] [32m[1mLinking C shared library libosr_interfaces__rosidl_typesupport_introspection_c.so[0m
[ 75%] Built target osr_interfaces__rosidl_typesupport_introspection_c
[ 77%] [32m[1mLinking CXX shared library libosr_interfaces__rosidl_typesupport_fastrtps_c.so[0m
[ 79%] [32m[1mLinking CXX shared library libosr_interfaces__rosidl_typesupport_fastrtps_cpp.so[0m
[ 79%] Built target osr_interfaces__rosidl_typesupport_fastrtps_c
[ 79%] Built target osr_interfaces__rosidl_typesupport_fastrtps_cpp
[ 79%] Built target osr_interfaces
[ 81%] [34m[1mGenerating Python code for ROS interfaces[0m
[ 81%] Built target osr_interfaces__py
[ 87%] [32mBuilding C object CMakeFiles/osr_interfaces__rosidl_generator_py.dir/rosidl_generator_py/osr_interfaces/msg/_status_s.c.o[0m
[ 87%] [32mBuilding C object CMakeFiles/osr_interfaces__rosidl_generator_py.dir/rosidl_generator_py/osr_interfaces/msg/_command_drive_s.c.o[0m
[ 87%] [32mBuilding C object CMakeFiles/osr_interfaces__rosidl_generator_py.dir/rosidl_generator_py/osr_interfaces/msg/_command_corner_s.c.o[0m
[ 88%] [32m[1mLinking C shared library libosr_interfaces__rosidl_generator_py.so[0m
[ 88%] Built target osr_interfaces__rosidl_generator_py
[ 94%] [32mBuilding C object CMakeFiles/osr_interfaces_s__rosidl_typesupport_introspection_c.dir/rosidl_generator_py/osr_interfaces/_osr_interfaces_s.ep.rosidl_typesupport_introspection_c.c.o[0m
[ 94%] [32mBuilding C object CMakeFiles/osr_interfaces_s__rosidl_typesupport_c.dir/rosidl_generator_py/osr_interfaces/_osr_interfaces_s.ep.rosidl_typesupport_c.c.o[0m
[ 94%] [32mBuilding C object CMakeFiles/osr_interfaces_s__rosidl_typesupport_fastrtps_c.dir/rosidl_generator_py/osr_interfaces/_osr_interfaces_s.ep.rosidl_typesupport_fastrtps_c.c.o[0m
[ 96%] [32m[1mLinking C shared module rosidl_generator_py/osr_interfaces/osr_interfaces_s__rosidl_typesupport_c.so[0m
[ 98%] [32m[1mLinking C shared module rosidl_generator_py/osr_interfaces/osr_interfaces_s__rosidl_typesupport_introspection_c.so[0m
[100%] [32m[1mLinking C shared module rosidl_generator_py/osr_interfaces/osr_interfaces_s__rosidl_typesupport_fastrtps_c.so[0m
[100%] Built target osr_interfaces_s__rosidl_typesupport_c
[100%] Built target osr_interfaces_s__rosidl_typesupport_introspection_c
[100%] Built target osr_interfaces_s__rosidl_typesupport_fastrtps_c
-- Install configuration: ""
-- Installing: /home/muarcianos/rover_ws/install/osr_interfaces/share/ament_index/resource_index/rosidl_interfaces/osr_interfaces
-- Installing: /home/muarcianos/rover_ws/install/osr_interfaces/share/osr_interfaces/msg/Status.json
-- Installing: /home/muarcianos/rover_ws/install/osr_interfaces/share/osr_interfaces/msg/CommandDrive.json
-- Installing: /home/muarcianos/rover_ws/install/osr_interfaces/share/osr_interfaces/msg/CommandCorner.json
-- Installing: /home/muarcianos/rover_ws/install/osr_interfaces/include/osr_interfaces/osr_interfaces
-- Installing: /home/muarcianos/rover_ws/install/osr_interfaces/include/osr_interfaces/osr_interfaces/msg
-- Installing: /home/muarcianos/rover_ws/install/osr_interfaces/include/osr_interfaces/osr_interfaces/msg/status.h
-- Installing: /home/muarcianos/rover_ws/install/osr_interfaces/include/osr_interfaces/osr_interfaces/msg/command_corner.h
-- Installing: /home/muarcianos/rover_ws/install/osr_interfaces/include/osr_interfaces/osr_interfaces/msg/rosidl_generator_c__visibility_control.h
-- Installing: /home/muarcianos/rover_ws/install/osr_interfaces/include/osr_interfaces/osr_interfaces/msg/detail
-- Installing: /home/muarcianos/rover_ws/install/osr_interfaces/include/osr_interfaces/osr_interfaces/msg/detail/command_drive__functions.h
-- Installing: /home/muarcianos/rover_ws/install/osr_interfaces/include/osr_interfaces/osr_interfaces/msg/detail/command_drive__functions.c
-- Installing: /home/muarcianos/rover_ws/install/osr_interfaces/include/osr_interfaces/osr_interfaces/msg/detail/status__description.c
-- Installing: /home/muarcianos/rover_ws/install/osr_interfaces/include/osr_interfaces/osr_interfaces/msg/detail/command_drive__type_support.c
-- Installing: /home/muarcianos/rover_ws/install/osr_interfaces/include/osr_interfaces/osr_interfaces/msg/detail/command_corner__type_support.c
-- Installing: /home/muarcianos/rover_ws/install/osr_interfaces/include/osr_interfaces/osr_interfaces/msg/detail/status__functions.h
-- Installing: /home/muarcianos/rover_ws/install/osr_interfaces/include/osr_interfaces/osr_interfaces/msg/detail/status__type_support.c
-- Installing: /home/muarcianos/rover_ws/install/osr_interfaces/include/osr_interfaces/osr_interfaces/msg/detail/command_corner__functions.h
-- Installing: /home/muarcianos/rover_ws/install/osr_interfaces/include/osr_interfaces/osr_interfaces/msg/detail/command_corner__description.c
-- Installing: /home/muarcianos/rover_ws/install/osr_interfaces/include/osr_interfaces/osr_interfaces/msg/detail/status__struct.h
-- Installing: /home/muarcianos/rover_ws/install/osr_interfaces/include/osr_interfaces/osr_interfaces/msg/detail/command_corner__struct.h
-- Installing: /home/muarcianos/rover_ws/install/osr_interfaces/include/osr_interfaces/osr_interfaces/msg/detail/status__type_support.h
-- Installing: /home/muarcianos/rover_ws/install/osr_interfaces/include/osr_interfaces/osr_interfaces/msg/detail/status__functions.c
-- Installing: /home/muarcianos/rover_ws/install/osr_interfaces/include/osr_interfaces/osr_interfaces/msg/detail/command_drive__description.c
-- Installing: /home/muarcianos/rover_ws/install/osr_interfaces/include/osr_interfaces/osr_interfaces/msg/detail/command_drive__struct.h
-- Installing: /home/muarcianos/rover_ws/install/osr_interfaces/include/osr_interfaces/osr_interfaces/msg/detail/command_corner__functions.c
-- Installing: /home/muarcianos/rover_ws/install/osr_interfaces/include/osr_interfaces/osr_interfaces/msg/detail/command_drive__type_support.h
-- Installing: /home/muarcianos/rover_ws/install/osr_interfaces/include/osr_interfaces/osr_interfaces/msg/detail/command_corner__type_support.h
-- Installing: /home/muarcianos/rover_ws/install/osr_interfaces/include/osr_interfaces/osr_interfaces/msg/command_drive.h
-- Installing: /home/muarcianos/rover_ws/install/osr_interfaces/share/osr_interfaces/environment/library_path.sh
-- Installing: /home/muarcianos/rover_ws/install/osr_interfaces/share/osr_interfaces/environment/library_path.dsv
-- Installing: /home/muarcianos/rover_ws/install/osr_interfaces/lib/libosr_interfaces__rosidl_generator_c.so
-- Set non-toolchain portion of runtime path of "/home/muarcianos/rover_ws/install/osr_interfaces/lib/libosr_interfaces__rosidl_generator_c.so" to ""
-- Up-to-date: /home/muarcianos/rover_ws/install/osr_interfaces/include/osr_interfaces/osr_interfaces
-- Up-to-date: /home/muarcianos/rover_ws/install/osr_interfaces/include/osr_interfaces/osr_interfaces/msg
-- Installing: /home/muarcianos/rover_ws/install/osr_interfaces/include/osr_interfaces/osr_interfaces/msg/rosidl_typesupport_fastrtps_c__visibility_control.h
-- Up-to-date: /home/muarcianos/rover_ws/install/osr_interfaces/include/osr_interfaces/osr_interfaces/msg/detail
-- Installing: /home/muarcianos/rover_ws/install/osr_interfaces/include/osr_interfaces/osr_interfaces/msg/detail/command_drive__rosidl_typesupport_fastrtps_c.h
-- Installing: /home/muarcianos/rover_ws/install/osr_interfaces/include/osr_interfaces/osr_interfaces/msg/detail/status__rosidl_typesupport_fastrtps_c.h
-- Installing: /home/muarcianos/rover_ws/install/osr_interfaces/include/osr_interfaces/osr_interfaces/msg/detail/command_corner__rosidl_typesupport_fastrtps_c.h
-- Installing: /home/muarcianos/rover_ws/install/osr_interfaces/lib/libosr_interfaces__rosidl_typesupport_fastrtps_c.so
-- Set non-toolchain portion of runtime path of "/home/muarcianos/rover_ws/install/osr_interfaces/lib/libosr_interfaces__rosidl_typesupport_fastrtps_c.so" to ""
-- Up-to-date: /home/muarcianos/rover_ws/install/osr_interfaces/include/osr_interfaces/osr_interfaces
-- Up-to-date: /home/muarcianos/rover_ws/install/osr_interfaces/include/osr_interfaces/osr_interfaces/msg
-- Installing: /home/muarcianos/rover_ws/install/osr_interfaces/include/osr_interfaces/osr_interfaces/msg/rosidl_typesupport_introspection_c__visibility_control.h
-- Up-to-date: /home/muarcianos/rover_ws/install/osr_interfaces/include/osr_interfaces/osr_interfaces/msg/detail
-- Installing: /home/muarcianos/rover_ws/install/osr_interfaces/include/osr_interfaces/osr_interfaces/msg/detail/command_drive__type_support.c
-- Installing: /home/muarcianos/rover_ws/install/osr_interfaces/include/osr_interfaces/osr_interfaces/msg/detail/command_corner__type_support.c
-- Installing: /home/muarcianos/rover_ws/install/osr_interfaces/include/osr_interfaces/osr_interfaces/msg/detail/command_corner__rosidl_typesupport_introspection_c.h
-- Installing: /home/muarcianos/rover_ws/install/osr_interfaces/include/osr_interfaces/osr_interfaces/msg/detail/status__type_support.c
-- Installing: /home/muarcianos/rover_ws/install/osr_interfaces/include/osr_interfaces/osr_interfaces/msg/detail/status__rosidl_typesupport_introspection_c.h
-- Installing: /home/muarcianos/rover_ws/install/osr_interfaces/include/osr_interfaces/osr_interfaces/msg/detail/command_drive__rosidl_typesupport_introspection_c.h
-- Installing: /home/muarcianos/rover_ws/install/osr_interfaces/lib/libosr_interfaces__rosidl_typesupport_introspection_c.so
-- Set non-toolchain portion of runtime path of "/home/muarcianos/rover_ws/install/osr_interfaces/lib/libosr_interfaces__rosidl_typesupport_introspection_c.so" to ""
-- Installing: /home/muarcianos/rover_ws/install/osr_interfaces/lib/libosr_interfaces__rosidl_typesupport_c.so
-- Set non-toolchain portion of runtime path of "/home/muarcianos/rover_ws/install/osr_interfaces/lib/libosr_interfaces__rosidl_typesupport_c.so" to ""
-- Up-to-date: /home/muarcianos/rover_ws/install/osr_interfaces/include/osr_interfaces/osr_interfaces
-- Up-to-date: /home/muarcianos/rover_ws/install/osr_interfaces/include/osr_interfaces/osr_interfaces/msg
-- Installing: /home/muarcianos/rover_ws/install/osr_interfaces/include/osr_interfaces/osr_interfaces/msg/rosidl_generator_cpp__visibility_control.hpp
-- Installing: /home/muarcianos/rover_ws/install/osr_interfaces/include/osr_interfaces/osr_interfaces/msg/status.hpp
-- Installing: /home/muarcianos/rover_ws/install/osr_interfaces/include/osr_interfaces/osr_interfaces/msg/command_drive.hpp
-- Up-to-date: /home/muarcianos/rover_ws/install/osr_interfaces/include/osr_interfaces/osr_interfaces/msg/detail
-- Installing: /home/muarcianos/rover_ws/install/osr_interfaces/include/osr_interfaces/osr_interfaces/msg/detail/status__builder.hpp
-- Installing: /home/muarcianos/rover_ws/install/osr_interfaces/include/osr_interfaces/osr_interfaces/msg/detail/command_corner__traits.hpp
-- Installing: /home/muarcianos/rover_ws/install/osr_interfaces/include/osr_interfaces/osr_interfaces/msg/detail/status__type_support.hpp
-- Installing: /home/muarcianos/rover_ws/install/osr_interfaces/include/osr_interfaces/osr_interfaces/msg/detail/command_drive__traits.hpp
-- Installing: /home/muarcianos/rover_ws/install/osr_interfaces/include/osr_interfaces/osr_interfaces/msg/detail/command_corner__struct.hpp
-- Installing: /home/muarcianos/rover_ws/install/osr_interfaces/include/osr_interfaces/osr_interfaces/msg/detail/status__struct.hpp
-- Installing: /home/muarcianos/rover_ws/install/osr_interfaces/include/osr_interfaces/osr_interfaces/msg/detail/status__traits.hpp
-- Installing: /home/muarcianos/rover_ws/install/osr_interfaces/include/osr_interfaces/osr_interfaces/msg/detail/command_corner__builder.hpp
-- Installing: /home/muarcianos/rover_ws/install/osr_interfaces/include/osr_interfaces/osr_interfaces/msg/detail/command_drive__struct.hpp
-- Installing: /home/muarcianos/rover_ws/install/osr_interfaces/include/osr_interfaces/osr_interfaces/msg/detail/command_corner__type_support.hpp
-- Installing: /home/muarcianos/rover_ws/install/osr_interfaces/include/osr_interfaces/osr_interfaces/msg/detail/command_drive__builder.hpp
-- Installing: /home/muarcianos/rover_ws/install/osr_interfaces/include/osr_interfaces/osr_interfaces/msg/detail/command_drive__type_support.hpp
-- Installing: /home/muarcianos/rover_ws/install/osr_interfaces/include/osr_interfaces/osr_interfaces/msg/command_corner.hpp
-- Up-to-date: /home/muarcianos/rover_ws/install/osr_interfaces/include/osr_interfaces/osr_interfaces
-- Up-to-date: /home/muarcianos/rover_ws/install/osr_interfaces/include/osr_interfaces/osr_interfaces/msg
-- Installing: /home/muarcianos/rover_ws/install/osr_interfaces/include/osr_interfaces/osr_interfaces/msg/rosidl_typesupport_fastrtps_cpp__visibility_control.h
-- Up-to-date: /home/muarcianos/rover_ws/install/osr_interfaces/include/osr_interfaces/osr_interfaces/msg/detail
-- Installing: /home/muarcianos/rover_ws/install/osr_interfaces/include/osr_interfaces/osr_interfaces/msg/detail/status__rosidl_typesupport_fastrtps_cpp.hpp
-- Installing: /home/muarcianos/rover_ws/install/osr_interfaces/include/osr_interfaces/osr_interfaces/msg/detail/command_drive__rosidl_typesupport_fastrtps_cpp.hpp
-- Installing: /home/muarcianos/rover_ws/install/osr_interfaces/include/osr_interfaces/osr_interfaces/msg/detail/dds_fastrtps
-- Installing: /home/muarcianos/rover_ws/install/osr_interfaces/include/osr_interfaces/osr_interfaces/msg/detail/command_corner__rosidl_typesupport_fastrtps_cpp.hpp
-- Installing: /home/muarcianos/rover_ws/install/osr_interfaces/lib/libosr_interfaces__rosidl_typesupport_fastrtps_cpp.so
-- Set non-toolchain portion of runtime path of "/home/muarcianos/rover_ws/install/osr_interfaces/lib/libosr_interfaces__rosidl_typesupport_fastrtps_cpp.so" to ""
-- Up-to-date: /home/muarcianos/rover_ws/install/osr_interfaces/include/osr_interfaces/osr_interfaces
-- Up-to-date: /home/muarcianos/rover_ws/install/osr_interfaces/include/osr_interfaces/osr_interfaces/msg
-- Up-to-date: /home/muarcianos/rover_ws/install/osr_interfaces/include/osr_interfaces/osr_interfaces/msg/detail
-- Installing: /home/muarcianos/rover_ws/install/osr_interfaces/include/osr_interfaces/osr_interfaces/msg/detail/command_drive__type_support.cpp
-- Installing: /home/muarcianos/rover_ws/install/osr_interfaces/include/osr_interfaces/osr_interfaces/msg/detail/status__type_support.cpp
-- Installing: /home/muarcianos/rover_ws/install/osr_interfaces/include/osr_interfaces/osr_interfaces/msg/detail/command_corner__type_support.cpp
-- Installing: /home/muarcianos/rover_ws/install/osr_interfaces/include/osr_interfaces/osr_interfaces/msg/detail/status__rosidl_typesupport_introspection_cpp.hpp
-- Installing: /home/muarcianos/rover_ws/install/osr_interfaces/include/osr_interfaces/osr_interfaces/msg/detail/command_corner__rosidl_typesupport_introspection_cpp.hpp
-- Installing: /home/muarcianos/rover_ws/install/osr_interfaces/include/osr_interfaces/osr_interfaces/msg/detail/command_drive__rosidl_typesupport_introspection_cpp.hpp
-- Installing: /home/muarcianos/rover_ws/install/osr_interfaces/lib/libosr_interfaces__rosidl_typesupport_introspection_cpp.so
-- Set non-toolchain portion of runtime path of "/home/muarcianos/rover_ws/install/osr_interfaces/lib/libosr_interfaces__rosidl_typesupport_introspection_cpp.so" to ""
-- Installing: /home/muarcianos/rover_ws/install/osr_interfaces/lib/libosr_interfaces__rosidl_typesupport_cpp.so
-- Set non-toolchain portion of runtime path of "/home/muarcianos/rover_ws/install/osr_interfaces/lib/libosr_interfaces__rosidl_typesupport_cpp.so" to ""
-- Installing: /home/muarcianos/rover_ws/install/osr_interfaces/share/osr_interfaces/environment/pythonpath.sh
-- Installing: /home/muarcianos/rover_ws/install/osr_interfaces/share/osr_interfaces/environment/pythonpath.dsv
-- Installing: /home/muarcianos/rover_ws/install/osr_interfaces/lib/python3.12/site-packages/osr_interfaces-0.0.0-py3.12.egg-info
-- Installing: /home/muarcianos/rover_ws/install/osr_interfaces/lib/python3.12/site-packages/osr_interfaces-0.0.0-py3.12.egg-info/dependency_links.txt
-- Installing: /home/muarcianos/rover_ws/install/osr_interfaces/lib/python3.12/site-packages/osr_interfaces-0.0.0-py3.12.egg-info/top_level.txt
-- Installing: /home/muarcianos/rover_ws/install/osr_interfaces/lib/python3.12/site-packages/osr_interfaces-0.0.0-py3.12.egg-info/SOURCES.txt
-- Installing: /home/muarcianos/rover_ws/install/osr_interfaces/lib/python3.12/site-packages/osr_interfaces-0.0.0-py3.12.egg-info/PKG-INFO
-- Installing: /home/muarcianos/rover_ws/install/osr_interfaces/lib/python3.12/site-packages/osr_interfaces
-- Installing: /home/muarcianos/rover_ws/install/osr_interfaces/lib/python3.12/site-packages/osr_interfaces/_osr_interfaces_s.ep.rosidl_typesupport_c.c
-- Installing: /home/muarcianos/rover_ws/install/osr_interfaces/lib/python3.12/site-packages/osr_interfaces/_osr_interfaces_s.ep.rosidl_typesupport_fastrtps_c.c
-- Installing: /home/muarcianos/rover_ws/install/osr_interfaces/lib/python3.12/site-packages/osr_interfaces/msg
-- Installing: /home/muarcianos/rover_ws/install/osr_interfaces/lib/python3.12/site-packages/osr_interfaces/msg/_command_corner.py
-- Installing: /home/muarcianos/rover_ws/install/osr_interfaces/lib/python3.12/site-packages/osr_interfaces/msg/_status.py
-- Installing: /home/muarcianos/rover_ws/install/osr_interfaces/lib/python3.12/site-packages/osr_interfaces/msg/_command_corner_s.c
-- Installing: /home/muarcianos/rover_ws/install/osr_interfaces/lib/python3.12/site-packages/osr_interfaces/msg/_command_drive.py
-- Installing: /home/muarcianos/rover_ws/install/osr_interfaces/lib/python3.12/site-packages/osr_interfaces/msg/__init__.py
-- Installing: /home/muarcianos/rover_ws/install/osr_interfaces/lib/python3.12/site-packages/osr_interfaces/msg/_command_drive_s.c
-- Installing: /home/muarcianos/rover_ws/install/osr_interfaces/lib/python3.12/site-packages/osr_interfaces/msg/_status_s.c
-- Installing: /home/muarcianos/rover_ws/install/osr_interfaces/lib/python3.12/site-packages/osr_interfaces/__init__.py
-- Installing: /home/muarcianos/rover_ws/install/osr_interfaces/lib/python3.12/site-packages/osr_interfaces/osr_interfaces_s__rosidl_typesupport_fastrtps_c.so
-- Installing: /home/muarcianos/rover_ws/install/osr_interfaces/lib/python3.12/site-packages/osr_interfaces/osr_interfaces_s__rosidl_typesupport_c.so
-- Installing: /home/muarcianos/rover_ws/install/osr_interfaces/lib/python3.12/site-packages/osr_interfaces/_osr_interfaces_s.ep.rosidl_typesupport_introspection_c.c
-- Installing: /home/muarcianos/rover_ws/install/osr_interfaces/lib/python3.12/site-packages/osr_interfaces/osr_interfaces_s__rosidl_typesupport_introspection_c.so
Listing '/home/muarcianos/rover_ws/install/osr_interfaces/lib/python3.12/site-packages/osr_interfaces'...
Compiling '/home/muarcianos/rover_ws/install/osr_interfaces/lib/python3.12/site-packages/osr_interfaces/__init__.py'...
Listing '/home/muarcianos/rover_ws/install/osr_interfaces/lib/python3.12/site-packages/osr_interfaces/msg'...
Compiling '/home/muarcianos/rover_ws/install/osr_interfaces/lib/python3.12/site-packages/osr_interfaces/msg/__init__.py'...
Compiling '/home/muarcianos/rover_ws/install/osr_interfaces/lib/python3.12/site-packages/osr_interfaces/msg/_command_corner.py'...
Compiling '/home/muarcianos/rover_ws/install/osr_interfaces/lib/python3.12/site-packages/osr_interfaces/msg/_command_drive.py'...
Compiling '/home/muarcianos/rover_ws/install/osr_interfaces/lib/python3.12/site-packages/osr_interfaces/msg/_status.py'...
-- Installing: /home/muarcianos/rover_ws/install/osr_interfaces/lib/python3.12/site-packages/osr_interfaces/osr_interfaces_s__rosidl_typesupport_fastrtps_c.so
-- Set non-toolchain portion of runtime path of "/home/muarcianos/rover_ws/install/osr_interfaces/lib/python3.12/site-packages/osr_interfaces/osr_interfaces_s__rosidl_typesupport_fastrtps_c.so" to ""
-- Installing: /home/muarcianos/rover_ws/install/osr_interfaces/lib/python3.12/site-packages/osr_interfaces/osr_interfaces_s__rosidl_typesupport_introspection_c.so
-- Set non-toolchain portion of runtime path of "/home/muarcianos/rover_ws/install/osr_interfaces/lib/python3.12/site-packages/osr_interfaces/osr_interfaces_s__rosidl_typesupport_introspection_c.so" to ""
-- Installing: /home/muarcianos/rover_ws/install/osr_interfaces/lib/python3.12/site-packages/osr_interfaces/osr_interfaces_s__rosidl_typesupport_c.so
-- Set non-toolchain portion of runtime path of "/home/muarcianos/rover_ws/install/osr_interfaces/lib/python3.12/site-packages/osr_interfaces/osr_interfaces_s__rosidl_typesupport_c.so" to ""
-- Installing: /home/muarcianos/rover_ws/install/osr_interfaces/lib/libosr_interfaces__rosidl_generator_py.so
-- Set non-toolchain portion of runtime path of "/home/muarcianos/rover_ws/install/osr_interfaces/lib/libosr_interfaces__rosidl_generator_py.so" to ""
-- Installing: /home/muarcianos/rover_ws/install/osr_interfaces/share/osr_interfaces/msg/Status.idl
-- Installing: /home/muarcianos/rover_ws/install/osr_interfaces/share/osr_interfaces/msg/CommandDrive.idl
-- Installing: /home/muarcianos/rover_ws/install/osr_interfaces/share/osr_interfaces/msg/CommandCorner.idl
-- Installing: /home/muarcianos/rover_ws/install/osr_interfaces/share/osr_interfaces/msg/Status.msg
-- Installing: /home/muarcianos/rover_ws/install/osr_interfaces/share/osr_interfaces/msg/CommandDrive.msg
-- Installing: /home/muarcianos/rover_ws/install/osr_interfaces/share/osr_interfaces/msg/CommandCorner.msg
-- Installing: /home/muarcianos/rover_ws/install/osr_interfaces/share/ament_index/resource_index/package_run_dependencies/osr_interfaces
-- Installing: /home/muarcianos/rover_ws/install/osr_interfaces/share/ament_index/resource_index/parent_prefix_path/osr_interfaces
-- Installing: /home/muarcianos/rover_ws/install/osr_interfaces/share/osr_interfaces/environment/ament_prefix_path.sh
-- Installing: /home/muarcianos/rover_ws/install/osr_interfaces/share/osr_interfaces/environment/ament_prefix_path.dsv
-- Installing: /home/muarcianos/rover_ws/install/osr_interfaces/share/osr_interfaces/environment/path.sh
-- Installing: /home/muarcianos/rover_ws/install/osr_interfaces/share/osr_interfaces/environment/path.dsv
-- Installing: /home/muarcianos/rover_ws/install/osr_interfaces/share/osr_interfaces/local_setup.bash
-- Installing: /home/muarcianos/rover_ws/install/osr_interfaces/share/osr_interfaces/local_setup.sh
-- Installing: /home/muarcianos/rover_ws/install/osr_interfaces/share/osr_interfaces/local_setup.zsh
-- Installing: /home/muarcianos/rover_ws/install/osr_interfaces/share/osr_interfaces/local_setup.dsv
-- Installing: /home/muarcianos/rover_ws/install/osr_interfaces/share/osr_interfaces/package.dsv
-- Installing: /home/muarcianos/rover_ws/install/osr_interfaces/share/ament_index/resource_index/packages/osr_interfaces
-- Installing: /home/muarcianos/rover_ws/install/osr_interfaces/share/osr_interfaces/cmake/export_osr_interfaces__rosidl_generator_cExport.cmake
-- Installing: /home/muarcianos/rover_ws/install/osr_interfaces/share/osr_interfaces/cmake/export_osr_interfaces__rosidl_generator_cExport-noconfig.cmake
-- Installing: /home/muarcianos/rover_ws/install/osr_interfaces/share/osr_interfaces/cmake/export_osr_interfaces__rosidl_typesupport_fastrtps_cExport.cmake
-- Installing: /home/muarcianos/rover_ws/install/osr_interfaces/share/osr_interfaces/cmake/export_osr_interfaces__rosidl_typesupport_fastrtps_cExport-noconfig.cmake
-- Installing: /home/muarcianos/rover_ws/install/osr_interfaces/share/osr_interfaces/cmake/osr_interfaces__rosidl_typesupport_introspection_cExport.cmake
-- Installing: /home/muarcianos/rover_ws/install/osr_interfaces/share/osr_interfaces/cmake/osr_interfaces__rosidl_typesupport_introspection_cExport-noconfig.cmake
-- Installing: /home/muarcianos/rover_ws/install/osr_interfaces/share/osr_interfaces/cmake/osr_interfaces__rosidl_typesupport_cExport.cmake
-- Installing: /home/muarcianos/rover_ws/install/osr_interfaces/share/osr_interfaces/cmake/osr_interfaces__rosidl_typesupport_cExport-noconfig.cmake
-- Installing: /home/muarcianos/rover_ws/install/osr_interfaces/share/osr_interfaces/cmake/export_osr_interfaces__rosidl_generator_cppExport.cmake
-- Installing: /home/muarcianos/rover_ws/install/osr_interfaces/share/osr_interfaces/cmake/export_osr_interfaces__rosidl_typesupport_fastrtps_cppExport.cmake
-- Installing: /home/muarcianos/rover_ws/install/osr_interfaces/share/osr_interfaces/cmake/export_osr_interfaces__rosidl_typesupport_fastrtps_cppExport-noconfig.cmake
-- Installing: /home/muarcianos/rover_ws/install/osr_interfaces/share/osr_interfaces/cmake/osr_interfaces__rosidl_typesupport_introspection_cppExport.cmake
-- Installing: /home/muarcianos/rover_ws/install/osr_interfaces/share/osr_interfaces/cmake/osr_interfaces__rosidl_typesupport_introspection_cppExport-noconfig.cmake
-- Installing: /home/muarcianos/rover_ws/install/osr_interfaces/share/osr_interfaces/cmake/osr_interfaces__rosidl_typesupport_cppExport.cmake
-- Installing: /home/muarcianos/rover_ws/install/osr_interfaces/share/osr_interfaces/cmake/osr_interfaces__rosidl_typesupport_cppExport-noconfig.cmake
-- Installing: /home/muarcianos/rover_ws/install/osr_interfaces/share/osr_interfaces/cmake/export_osr_interfaces__rosidl_generator_pyExport.cmake
-- Installing: /home/muarcianos/rover_ws/install/osr_interfaces/share/osr_interfaces/cmake/export_osr_interfaces__rosidl_generator_pyExport-noconfig.cmake
-- Installing: /home/muarcianos/rover_ws/install/osr_interfaces/share/osr_interfaces/cmake/rosidl_cmake-extras.cmake
-- Installing: /home/muarcianos/rover_ws/install/osr_interfaces/share/osr_interfaces/cmake/ament_cmake_export_include_directories-extras.cmake
-- Installing: /home/muarcianos/rover_ws/install/osr_interfaces/share/osr_interfaces/cmake/ament_cmake_export_libraries-extras.cmake
-- Installing: /home/muarcianos/rover_ws/install/osr_interfaces/share/osr_interfaces/cmake/ament_cmake_export_targets-extras.cmake
-- Installing: /home/muarcianos/rover_ws/install/osr_interfaces/share/osr_interfaces/cmake/rosidl_cmake_export_typesupport_targets-extras.cmake
-- Installing: /home/muarcianos/rover_ws/install/osr_interfaces/share/osr_interfaces/cmake/ament_cmake_export_dependencies-extras.cmake
-- Installing: /home/muarcianos/rover_ws/install/osr_interfaces/share/osr_interfaces/cmake/rosidl_cmake_export_typesupport_libraries-extras.cmake
-- Installing: /home/muarcianos/rover_ws/install/osr_interfaces/share/osr_interfaces/cmake/osr_interfacesConfig.cmake
-- Installing: /home/muarcianos/rover_ws/install/osr_interfaces/share/osr_interfaces/cmake/osr_interfacesConfig-version.cmake
-- Installing: /home/muarcianos/rover_ws/install/osr_interfaces/share/osr_interfaces/package.xml
