[0.017s] Invoking command in '/home/muarcianos/rover_ws/build/osr_interfaces': CMAKE_PREFIX_PATH=${CMAKE_PREFIX_PATH}:/home/muarcianos/osr_ws/install/osr_control:/opt/ros/jazzy DEBUGINFOD_URLS=https://debuginfod.ubuntu.com PS1=(venv) \[\e]0;\u@\h: \w\a\]${debian_chroot:+($debian_chroot)}\[\033[01;32m\]\u@\h\[\033[00m\]:\[\033[01;34m\]\w\[\033[00m\]\$ VIRTUAL_ENV_PROMPT=(venv) /usr/bin/cmake /home/muarcianos/rover_ws/src/osr-rover-code/ROS/osr_interfaces -DCMAKE_INSTALL_PREFIX=/home/muarcianos/rover_ws/install/osr_interfaces
[0.545s] -- The C compiler identification is GNU 13.3.0
[0.977s] -- The CXX compiler identification is GNU 13.3.0
[1.020s] -- Detecting C compiler ABI info
[1.262s] -- Detecting C compiler ABI info - done
[1.278s] -- Check for working C compiler: /usr/bin/cc - skipped
[1.279s] -- Detecting C compile features
[1.280s] -- Detecting C compile features - done
[1.298s] -- Detecting CXX compiler ABI info
[1.513s] -- Detecting CXX compiler ABI info - done
[1.531s] -- Check for working CXX compiler: /usr/bin/c++ - skipped
[1.531s] -- Detecting CXX compile features
[1.532s] -- Detecting CXX compile features - done
[1.540s] -- Found rosidl_default_generators: 1.6.0 (/opt/ros/jazzy/share/rosidl_default_generators/cmake)
[1.823s] -- Found Python3: /home/muarcianos/osr_ws/venv/bin/python3 (found version "3.12.3") found components: Interpreter 
[2.022s] -- Using all available rosidl_typesupport_c: rosidl_typesupport_fastrtps_c;rosidl_typesupport_introspection_c
[2.184s] -- Using all available rosidl_typesupport_cpp: rosidl_typesupport_fastrtps_cpp;rosidl_typesupport_introspection_cpp
[2.327s] -- Found rosidl_adapter: 4.6.6 (/opt/ros/jazzy/share/rosidl_adapter/cmake)
[3.277s] -- Found ament_cmake_ros: 0.12.0 (/opt/ros/jazzy/share/ament_cmake_ros/cmake)
[3.938s] -- Using all available rosidl_typesupport_c: rosidl_typesupport_fastrtps_c;rosidl_typesupport_introspection_c
[4.794s] -- Using all available rosidl_typesupport_cpp: rosidl_typesupport_fastrtps_cpp;rosidl_typesupport_introspection_cpp
[4.800s] -- Found python_cmake_module: 0.11.1 (/opt/ros/jazzy/share/python_cmake_module/cmake)
[5.013s] -- Found PythonExtra: /home/muarcianos/osr_ws/venv/bin/python3  
[5.681s] -- Found Python3: /home/muarcianos/osr_ws/venv/bin/python3 (found version "3.12.3") found components: Interpreter Development NumPy Development.Module Development.Embed 
[5.735s] -- Found ament_lint_auto: 0.17.3 (/opt/ros/jazzy/share/ament_lint_auto/cmake)
[5.771s] -- Added test 'copyright' to check source files copyright and LICENSE
[5.773s] -- Added test 'lint_cmake' to check CMake code style
[5.775s] -- Added test 'xmllint' to check XML markup files
[5.779s] -- Configuring done (5.7s)
[5.834s] -- Generating done (0.0s)
[5.850s] -- Build files have been written to: /home/muarcianos/rover_ws/build/osr_interfaces
[5.865s] Invoked command in '/home/muarcianos/rover_ws/build/osr_interfaces' returned '0': CMAKE_PREFIX_PATH=${CMAKE_PREFIX_PATH}:/home/muarcianos/osr_ws/install/osr_control:/opt/ros/jazzy DEBUGINFOD_URLS=https://debuginfod.ubuntu.com PS1=(venv) \[\e]0;\u@\h: \w\a\]${debian_chroot:+($debian_chroot)}\[\033[01;32m\]\u@\h\[\033[00m\]:\[\033[01;34m\]\w\[\033[00m\]\$ VIRTUAL_ENV_PROMPT=(venv) /usr/bin/cmake /home/muarcianos/rover_ws/src/osr-rover-code/ROS/osr_interfaces -DCMAKE_INSTALL_PREFIX=/home/muarcianos/rover_ws/install/osr_interfaces
[5.866s] Invoking command in '/home/muarcianos/rover_ws/build/osr_interfaces': CMAKE_PREFIX_PATH=${CMAKE_PREFIX_PATH}:/home/muarcianos/osr_ws/install/osr_control:/opt/ros/jazzy DEBUGINFOD_URLS=https://debuginfod.ubuntu.com PS1=(venv) \[\e]0;\u@\h: \w\a\]${debian_chroot:+($debian_chroot)}\[\033[01;32m\]\u@\h\[\033[00m\]:\[\033[01;34m\]\w\[\033[00m\]\$ VIRTUAL_ENV_PROMPT=(venv) /usr/bin/cmake --build /home/muarcianos/rover_ws/build/osr_interfaces -- -j4 -l4
[5.955s] [  1%] [34m[1mGenerating type hashes for ROS interfaces[0m
[5.971s] [  1%] Built target ament_cmake_python_copy_osr_interfaces
[6.476s] running egg_info
[6.477s] creating osr_interfaces.egg-info
[6.509s] writing osr_interfaces.egg-info/PKG-INFO
[6.509s] writing dependency_links to osr_interfaces.egg-info/dependency_links.txt
[6.509s] writing top-level names to osr_interfaces.egg-info/top_level.txt
[6.509s] writing manifest file 'osr_interfaces.egg-info/SOURCES.txt'
[6.513s] [  1%] Built target osr_interfaces__rosidl_generator_type_description
[6.531s] [  3%] [34m[1mGenerating C code for ROS interfaces[0m
[6.557s] [  5%] [34m[1mGenerating C++ code for ROS interfaces[0m
[6.666s] reading manifest file 'osr_interfaces.egg-info/SOURCES.txt'
[6.667s] writing manifest file 'osr_interfaces.egg-info/SOURCES.txt'
[6.816s] [  5%] Built target ament_cmake_python_build_osr_interfaces_egg
[7.473s] [  5%] Built target osr_interfaces__cpp
[7.595s] [ 11%] [32mBuilding C object CMakeFiles/osr_interfaces__rosidl_generator_c.dir/rosidl_generator_c/osr_interfaces/msg/detail/status__description.c.o[0m
[7.595s] [ 11%] [32mBuilding C object CMakeFiles/osr_interfaces__rosidl_generator_c.dir/rosidl_generator_c/osr_interfaces/msg/detail/status__functions.c.o[0m
[7.598s] [ 12%] [32mBuilding C object CMakeFiles/osr_interfaces__rosidl_generator_c.dir/rosidl_generator_c/osr_interfaces/msg/detail/command_drive__description.c.o[0m
[7.598s] [ 11%] [32mBuilding C object CMakeFiles/osr_interfaces__rosidl_generator_c.dir/rosidl_generator_c/osr_interfaces/msg/detail/status__type_support.c.o[0m
[7.728s] [ 14%] [32mBuilding C object CMakeFiles/osr_interfaces__rosidl_generator_c.dir/rosidl_generator_c/osr_interfaces/msg/detail/command_drive__functions.c.o[0m
[7.757s] [ 16%] [32mBuilding C object CMakeFiles/osr_interfaces__rosidl_generator_c.dir/rosidl_generator_c/osr_interfaces/msg/detail/command_drive__type_support.c.o[0m
[7.758s] [ 18%] [32mBuilding C object CMakeFiles/osr_interfaces__rosidl_generator_c.dir/rosidl_generator_c/osr_interfaces/msg/detail/command_corner__description.c.o[0m
[7.830s] [ 20%] [32mBuilding C object CMakeFiles/osr_interfaces__rosidl_generator_c.dir/rosidl_generator_c/osr_interfaces/msg/detail/command_corner__functions.c.o[0m
[7.869s] [ 22%] [32mBuilding C object CMakeFiles/osr_interfaces__rosidl_generator_c.dir/rosidl_generator_c/osr_interfaces/msg/detail/command_corner__type_support.c.o[0m
[7.927s] [ 24%] [32m[1mLinking C shared library libosr_interfaces__rosidl_generator_c.so[0m
[8.011s] [ 24%] Built target osr_interfaces__rosidl_generator_c
[8.037s] [ 29%] [34m[1mGenerating C++ type support for eProsima Fast-RTPS[0m
[8.038s] [ 29%] [34m[1mGenerating C type support dispatch for ROS interfaces[0m
[8.038s] [ 29%] [34m[1mGenerating C++ introspection for ROS interfaces[0m
[8.040s] [ 31%] [34m[1mGenerating C++ type support dispatch for ROS interfaces[0m
[8.975s] [ 33%] [32mBuilding CXX object CMakeFiles/osr_interfaces__rosidl_typesupport_c.dir/rosidl_typesupport_c/osr_interfaces/msg/status__type_support.cpp.o[0m
[8.996s] [ 35%] [32mBuilding CXX object CMakeFiles/osr_interfaces__rosidl_typesupport_cpp.dir/rosidl_typesupport_cpp/osr_interfaces/msg/status__type_support.cpp.o[0m
[9.089s] [ 37%] [32mBuilding CXX object CMakeFiles/osr_interfaces__rosidl_typesupport_introspection_cpp.dir/rosidl_typesupport_introspection_cpp/osr_interfaces/msg/detail/status__type_support.cpp.o[0m
[9.153s] [ 38%] [32mBuilding CXX object CMakeFiles/osr_interfaces__rosidl_typesupport_c.dir/rosidl_typesupport_c/osr_interfaces/msg/command_drive__type_support.cpp.o[0m
[9.243s] [ 42%] [32mBuilding CXX object CMakeFiles/osr_interfaces__rosidl_typesupport_c.dir/rosidl_typesupport_c/osr_interfaces/msg/command_corner__type_support.cpp.o[0m
[9.243s] [ 42%] [32mBuilding CXX object CMakeFiles/osr_interfaces__rosidl_typesupport_fastrtps_cpp.dir/rosidl_typesupport_fastrtps_cpp/osr_interfaces/msg/detail/dds_fastrtps/status__type_support.cpp.o[0m
[9.385s] [ 44%] [32m[1mLinking CXX shared library libosr_interfaces__rosidl_typesupport_c.so[0m
[9.488s] [ 44%] Built target osr_interfaces__rosidl_typesupport_c
[9.528s] [ 46%] [34m[1mGenerating C type support for eProsima Fast-RTPS[0m
[10.082s] [ 48%] [32mBuilding CXX object CMakeFiles/osr_interfaces__rosidl_typesupport_cpp.dir/rosidl_typesupport_cpp/osr_interfaces/msg/command_drive__type_support.cpp.o[0m
[10.228s] [ 50%] [32mBuilding CXX object CMakeFiles/osr_interfaces__rosidl_typesupport_introspection_cpp.dir/rosidl_typesupport_introspection_cpp/osr_interfaces/msg/detail/command_drive__type_support.cpp.o[0m
[10.820s] [ 51%] [32mBuilding CXX object CMakeFiles/osr_interfaces__rosidl_typesupport_fastrtps_c.dir/rosidl_typesupport_fastrtps_c/osr_interfaces/msg/detail/status__type_support_c.cpp.o[0m
[11.001s] [ 53%] [32mBuilding CXX object CMakeFiles/osr_interfaces__rosidl_typesupport_fastrtps_cpp.dir/rosidl_typesupport_fastrtps_cpp/osr_interfaces/msg/detail/dds_fastrtps/command_drive__type_support.cpp.o[0m
[11.089s] [ 55%] [32mBuilding CXX object CMakeFiles/osr_interfaces__rosidl_typesupport_cpp.dir/rosidl_typesupport_cpp/osr_interfaces/msg/command_corner__type_support.cpp.o[0m
[11.235s] [ 57%] [32mBuilding CXX object CMakeFiles/osr_interfaces__rosidl_typesupport_introspection_cpp.dir/rosidl_typesupport_introspection_cpp/osr_interfaces/msg/detail/command_corner__type_support.cpp.o[0m
[12.103s] [ 59%] [32m[1mLinking CXX shared library libosr_interfaces__rosidl_typesupport_cpp.so[0m
[12.228s] [ 61%] [32m[1mLinking CXX shared library libosr_interfaces__rosidl_typesupport_introspection_cpp.so[0m
[12.252s] [ 61%] Built target osr_interfaces__rosidl_typesupport_cpp
[12.277s] [ 62%] [34m[1mGenerating C introspection for ROS interfaces[0m
[12.290s] [ 64%] [32mBuilding CXX object CMakeFiles/osr_interfaces__rosidl_typesupport_fastrtps_c.dir/rosidl_typesupport_fastrtps_c/osr_interfaces/msg/detail/command_drive__type_support_c.cpp.o[0m
[12.532s] [ 64%] Built target osr_interfaces__rosidl_typesupport_introspection_cpp
[12.568s] [ 66%] [32mBuilding CXX object CMakeFiles/osr_interfaces__rosidl_typesupport_fastrtps_cpp.dir/rosidl_typesupport_fastrtps_cpp/osr_interfaces/msg/detail/dds_fastrtps/command_corner__type_support.cpp.o[0m
[12.635s] [ 68%] [32mBuilding CXX object CMakeFiles/osr_interfaces__rosidl_typesupport_fastrtps_c.dir/rosidl_typesupport_fastrtps_c/osr_interfaces/msg/detail/command_corner__type_support_c.cpp.o[0m
[13.436s] [ 70%] [32mBuilding C object CMakeFiles/osr_interfaces__rosidl_typesupport_introspection_c.dir/rosidl_typesupport_introspection_c/osr_interfaces/msg/detail/status__type_support.c.o[0m
[13.587s] [ 72%] [32mBuilding C object CMakeFiles/osr_interfaces__rosidl_typesupport_introspection_c.dir/rosidl_typesupport_introspection_c/osr_interfaces/msg/detail/command_drive__type_support.c.o[0m
[13.710s] [ 74%] [32mBuilding C object CMakeFiles/osr_interfaces__rosidl_typesupport_introspection_c.dir/rosidl_typesupport_introspection_c/osr_interfaces/msg/detail/command_corner__type_support.c.o[0m
[13.807s] [ 75%] [32m[1mLinking C shared library libosr_interfaces__rosidl_typesupport_introspection_c.so[0m
[13.892s] [ 75%] Built target osr_interfaces__rosidl_typesupport_introspection_c
[13.981s] [ 77%] [32m[1mLinking CXX shared library libosr_interfaces__rosidl_typesupport_fastrtps_c.so[0m
[14.014s] [ 79%] [32m[1mLinking CXX shared library libosr_interfaces__rosidl_typesupport_fastrtps_cpp.so[0m
[14.232s] [ 79%] Built target osr_interfaces__rosidl_typesupport_fastrtps_c
[14.262s] [ 79%] Built target osr_interfaces__rosidl_typesupport_fastrtps_cpp
[14.298s] [ 79%] Built target osr_interfaces
[14.333s] [ 81%] [34m[1mGenerating Python code for ROS interfaces[0m
[15.124s] [ 81%] Built target osr_interfaces__py
[15.162s] [ 87%] [32mBuilding C object CMakeFiles/osr_interfaces__rosidl_generator_py.dir/rosidl_generator_py/osr_interfaces/msg/_status_s.c.o[0m
[15.163s] [ 87%] [32mBuilding C object CMakeFiles/osr_interfaces__rosidl_generator_py.dir/rosidl_generator_py/osr_interfaces/msg/_command_drive_s.c.o[0m
[15.163s] [ 87%] [32mBuilding C object CMakeFiles/osr_interfaces__rosidl_generator_py.dir/rosidl_generator_py/osr_interfaces/msg/_command_corner_s.c.o[0m
[15.553s] [ 88%] [32m[1mLinking C shared library libosr_interfaces__rosidl_generator_py.so[0m
[15.632s] [ 88%] Built target osr_interfaces__rosidl_generator_py
[15.673s] [ 94%] [32mBuilding C object CMakeFiles/osr_interfaces_s__rosidl_typesupport_introspection_c.dir/rosidl_generator_py/osr_interfaces/_osr_interfaces_s.ep.rosidl_typesupport_introspection_c.c.o[0m
[15.673s] [ 94%] [32mBuilding C object CMakeFiles/osr_interfaces_s__rosidl_typesupport_c.dir/rosidl_generator_py/osr_interfaces/_osr_interfaces_s.ep.rosidl_typesupport_c.c.o[0m
[15.673s] [ 94%] [32mBuilding C object CMakeFiles/osr_interfaces_s__rosidl_typesupport_fastrtps_c.dir/rosidl_generator_py/osr_interfaces/_osr_interfaces_s.ep.rosidl_typesupport_fastrtps_c.c.o[0m
[15.925s] [ 96%] [32m[1mLinking C shared module rosidl_generator_py/osr_interfaces/osr_interfaces_s__rosidl_typesupport_c.so[0m
[15.928s] [ 98%] [32m[1mLinking C shared module rosidl_generator_py/osr_interfaces/osr_interfaces_s__rosidl_typesupport_introspection_c.so[0m
[15.933s] [100%] [32m[1mLinking C shared module rosidl_generator_py/osr_interfaces/osr_interfaces_s__rosidl_typesupport_fastrtps_c.so[0m
[15.991s] [100%] Built target osr_interfaces_s__rosidl_typesupport_c
[15.994s] [100%] Built target osr_interfaces_s__rosidl_typesupport_introspection_c
[15.998s] [100%] Built target osr_interfaces_s__rosidl_typesupport_fastrtps_c
[16.019s] Invoked command in '/home/muarcianos/rover_ws/build/osr_interfaces' returned '0': CMAKE_PREFIX_PATH=${CMAKE_PREFIX_PATH}:/home/muarcianos/osr_ws/install/osr_control:/opt/ros/jazzy DEBUGINFOD_URLS=https://debuginfod.ubuntu.com PS1=(venv) \[\e]0;\u@\h: \w\a\]${debian_chroot:+($debian_chroot)}\[\033[01;32m\]\u@\h\[\033[00m\]:\[\033[01;34m\]\w\[\033[00m\]\$ VIRTUAL_ENV_PROMPT=(venv) /usr/bin/cmake --build /home/muarcianos/rover_ws/build/osr_interfaces -- -j4 -l4
[16.021s] Invoking command in '/home/muarcianos/rover_ws/build/osr_interfaces': CMAKE_PREFIX_PATH=${CMAKE_PREFIX_PATH}:/home/muarcianos/osr_ws/install/osr_control:/opt/ros/jazzy DEBUGINFOD_URLS=https://debuginfod.ubuntu.com PS1=(venv) \[\e]0;\u@\h: \w\a\]${debian_chroot:+($debian_chroot)}\[\033[01;32m\]\u@\h\[\033[00m\]:\[\033[01;34m\]\w\[\033[00m\]\$ VIRTUAL_ENV_PROMPT=(venv) /usr/bin/cmake --install /home/muarcianos/rover_ws/build/osr_interfaces
[16.038s] -- Install configuration: ""
[16.038s] -- Installing: /home/muarcianos/rover_ws/install/osr_interfaces/share/ament_index/resource_index/rosidl_interfaces/osr_interfaces
[16.038s] -- Installing: /home/muarcianos/rover_ws/install/osr_interfaces/share/osr_interfaces/msg/Status.json
[16.038s] -- Installing: /home/muarcianos/rover_ws/install/osr_interfaces/share/osr_interfaces/msg/CommandDrive.json
[16.039s] -- Installing: /home/muarcianos/rover_ws/install/osr_interfaces/share/osr_interfaces/msg/CommandCorner.json
[16.039s] -- Installing: /home/muarcianos/rover_ws/install/osr_interfaces/include/osr_interfaces/osr_interfaces
[16.039s] -- Installing: /home/muarcianos/rover_ws/install/osr_interfaces/include/osr_interfaces/osr_interfaces/msg
[16.039s] -- Installing: /home/muarcianos/rover_ws/install/osr_interfaces/include/osr_interfaces/osr_interfaces/msg/status.h
[16.039s] -- Installing: /home/muarcianos/rover_ws/install/osr_interfaces/include/osr_interfaces/osr_interfaces/msg/command_corner.h
[16.039s] -- Installing: /home/muarcianos/rover_ws/install/osr_interfaces/include/osr_interfaces/osr_interfaces/msg/rosidl_generator_c__visibility_control.h
[16.039s] -- Installing: /home/muarcianos/rover_ws/install/osr_interfaces/include/osr_interfaces/osr_interfaces/msg/detail
[16.039s] -- Installing: /home/muarcianos/rover_ws/install/osr_interfaces/include/osr_interfaces/osr_interfaces/msg/detail/command_drive__functions.h
[16.040s] -- Installing: /home/muarcianos/rover_ws/install/osr_interfaces/include/osr_interfaces/osr_interfaces/msg/detail/command_drive__functions.c
[16.040s] -- Installing: /home/muarcianos/rover_ws/install/osr_interfaces/include/osr_interfaces/osr_interfaces/msg/detail/status__description.c
[16.040s] -- Installing: /home/muarcianos/rover_ws/install/osr_interfaces/include/osr_interfaces/osr_interfaces/msg/detail/command_drive__type_support.c
[16.040s] -- Installing: /home/muarcianos/rover_ws/install/osr_interfaces/include/osr_interfaces/osr_interfaces/msg/detail/command_corner__type_support.c
[16.040s] -- Installing: /home/muarcianos/rover_ws/install/osr_interfaces/include/osr_interfaces/osr_interfaces/msg/detail/status__functions.h
[16.040s] -- Installing: /home/muarcianos/rover_ws/install/osr_interfaces/include/osr_interfaces/osr_interfaces/msg/detail/status__type_support.c
[16.040s] -- Installing: /home/muarcianos/rover_ws/install/osr_interfaces/include/osr_interfaces/osr_interfaces/msg/detail/command_corner__functions.h
[16.041s] -- Installing: /home/muarcianos/rover_ws/install/osr_interfaces/include/osr_interfaces/osr_interfaces/msg/detail/command_corner__description.c
[16.041s] -- Installing: /home/muarcianos/rover_ws/install/osr_interfaces/include/osr_interfaces/osr_interfaces/msg/detail/status__struct.h
[16.041s] -- Installing: /home/muarcianos/rover_ws/install/osr_interfaces/include/osr_interfaces/osr_interfaces/msg/detail/command_corner__struct.h
[16.041s] -- Installing: /home/muarcianos/rover_ws/install/osr_interfaces/include/osr_interfaces/osr_interfaces/msg/detail/status__type_support.h
[16.041s] -- Installing: /home/muarcianos/rover_ws/install/osr_interfaces/include/osr_interfaces/osr_interfaces/msg/detail/status__functions.c
[16.041s] -- Installing: /home/muarcianos/rover_ws/install/osr_interfaces/include/osr_interfaces/osr_interfaces/msg/detail/command_drive__description.c
[16.041s] -- Installing: /home/muarcianos/rover_ws/install/osr_interfaces/include/osr_interfaces/osr_interfaces/msg/detail/command_drive__struct.h
[16.041s] -- Installing: /home/muarcianos/rover_ws/install/osr_interfaces/include/osr_interfaces/osr_interfaces/msg/detail/command_corner__functions.c
[16.042s] -- Installing: /home/muarcianos/rover_ws/install/osr_interfaces/include/osr_interfaces/osr_interfaces/msg/detail/command_drive__type_support.h
[16.042s] -- Installing: /home/muarcianos/rover_ws/install/osr_interfaces/include/osr_interfaces/osr_interfaces/msg/detail/command_corner__type_support.h
[16.042s] -- Installing: /home/muarcianos/rover_ws/install/osr_interfaces/include/osr_interfaces/osr_interfaces/msg/command_drive.h
[16.042s] -- Installing: /home/muarcianos/rover_ws/install/osr_interfaces/share/osr_interfaces/environment/library_path.sh
[16.042s] -- Installing: /home/muarcianos/rover_ws/install/osr_interfaces/share/osr_interfaces/environment/library_path.dsv
[16.043s] -- Installing: /home/muarcianos/rover_ws/install/osr_interfaces/lib/libosr_interfaces__rosidl_generator_c.so
[16.043s] -- Set non-toolchain portion of runtime path of "/home/muarcianos/rover_ws/install/osr_interfaces/lib/libosr_interfaces__rosidl_generator_c.so" to ""
[16.043s] -- Up-to-date: /home/muarcianos/rover_ws/install/osr_interfaces/include/osr_interfaces/osr_interfaces
[16.043s] -- Up-to-date: /home/muarcianos/rover_ws/install/osr_interfaces/include/osr_interfaces/osr_interfaces/msg
[16.043s] -- Installing: /home/muarcianos/rover_ws/install/osr_interfaces/include/osr_interfaces/osr_interfaces/msg/rosidl_typesupport_fastrtps_c__visibility_control.h
[16.044s] -- Up-to-date: /home/muarcianos/rover_ws/install/osr_interfaces/include/osr_interfaces/osr_interfaces/msg/detail
[16.044s] -- Installing: /home/muarcianos/rover_ws/install/osr_interfaces/include/osr_interfaces/osr_interfaces/msg/detail/command_drive__rosidl_typesupport_fastrtps_c.h
[16.044s] -- Installing: /home/muarcianos/rover_ws/install/osr_interfaces/include/osr_interfaces/osr_interfaces/msg/detail/status__rosidl_typesupport_fastrtps_c.h
[16.044s] -- Installing: /home/muarcianos/rover_ws/install/osr_interfaces/include/osr_interfaces/osr_interfaces/msg/detail/command_corner__rosidl_typesupport_fastrtps_c.h
[16.044s] -- Installing: /home/muarcianos/rover_ws/install/osr_interfaces/lib/libosr_interfaces__rosidl_typesupport_fastrtps_c.so
[16.045s] -- Set non-toolchain portion of runtime path of "/home/muarcianos/rover_ws/install/osr_interfaces/lib/libosr_interfaces__rosidl_typesupport_fastrtps_c.so" to ""
[16.045s] -- Up-to-date: /home/muarcianos/rover_ws/install/osr_interfaces/include/osr_interfaces/osr_interfaces
[16.045s] -- Up-to-date: /home/muarcianos/rover_ws/install/osr_interfaces/include/osr_interfaces/osr_interfaces/msg
[16.045s] -- Installing: /home/muarcianos/rover_ws/install/osr_interfaces/include/osr_interfaces/osr_interfaces/msg/rosidl_typesupport_introspection_c__visibility_control.h
[16.045s] -- Up-to-date: /home/muarcianos/rover_ws/install/osr_interfaces/include/osr_interfaces/osr_interfaces/msg/detail
[16.045s] -- Installing: /home/muarcianos/rover_ws/install/osr_interfaces/include/osr_interfaces/osr_interfaces/msg/detail/command_drive__type_support.c
[16.045s] -- Installing: /home/muarcianos/rover_ws/install/osr_interfaces/include/osr_interfaces/osr_interfaces/msg/detail/command_corner__type_support.c
[16.045s] -- Installing: /home/muarcianos/rover_ws/install/osr_interfaces/include/osr_interfaces/osr_interfaces/msg/detail/command_corner__rosidl_typesupport_introspection_c.h
[16.045s] -- Installing: /home/muarcianos/rover_ws/install/osr_interfaces/include/osr_interfaces/osr_interfaces/msg/detail/status__type_support.c
[16.046s] -- Installing: /home/muarcianos/rover_ws/install/osr_interfaces/include/osr_interfaces/osr_interfaces/msg/detail/status__rosidl_typesupport_introspection_c.h
[16.046s] -- Installing: /home/muarcianos/rover_ws/install/osr_interfaces/include/osr_interfaces/osr_interfaces/msg/detail/command_drive__rosidl_typesupport_introspection_c.h
[16.046s] -- Installing: /home/muarcianos/rover_ws/install/osr_interfaces/lib/libosr_interfaces__rosidl_typesupport_introspection_c.so
[16.046s] -- Set non-toolchain portion of runtime path of "/home/muarcianos/rover_ws/install/osr_interfaces/lib/libosr_interfaces__rosidl_typesupport_introspection_c.so" to ""
[16.046s] -- Installing: /home/muarcianos/rover_ws/install/osr_interfaces/lib/libosr_interfaces__rosidl_typesupport_c.so
[16.047s] -- Set non-toolchain portion of runtime path of "/home/muarcianos/rover_ws/install/osr_interfaces/lib/libosr_interfaces__rosidl_typesupport_c.so" to ""
[16.047s] -- Up-to-date: /home/muarcianos/rover_ws/install/osr_interfaces/include/osr_interfaces/osr_interfaces
[16.047s] -- Up-to-date: /home/muarcianos/rover_ws/install/osr_interfaces/include/osr_interfaces/osr_interfaces/msg
[16.047s] -- Installing: /home/muarcianos/rover_ws/install/osr_interfaces/include/osr_interfaces/osr_interfaces/msg/rosidl_generator_cpp__visibility_control.hpp
[16.047s] -- Installing: /home/muarcianos/rover_ws/install/osr_interfaces/include/osr_interfaces/osr_interfaces/msg/status.hpp
[16.048s] -- Installing: /home/muarcianos/rover_ws/install/osr_interfaces/include/osr_interfaces/osr_interfaces/msg/command_drive.hpp
[16.048s] -- Up-to-date: /home/muarcianos/rover_ws/install/osr_interfaces/include/osr_interfaces/osr_interfaces/msg/detail
[16.048s] -- Installing: /home/muarcianos/rover_ws/install/osr_interfaces/include/osr_interfaces/osr_interfaces/msg/detail/status__builder.hpp
[16.048s] -- Installing: /home/muarcianos/rover_ws/install/osr_interfaces/include/osr_interfaces/osr_interfaces/msg/detail/command_corner__traits.hpp
[16.048s] -- Installing: /home/muarcianos/rover_ws/install/osr_interfaces/include/osr_interfaces/osr_interfaces/msg/detail/status__type_support.hpp
[16.048s] -- Installing: /home/muarcianos/rover_ws/install/osr_interfaces/include/osr_interfaces/osr_interfaces/msg/detail/command_drive__traits.hpp
[16.048s] -- Installing: /home/muarcianos/rover_ws/install/osr_interfaces/include/osr_interfaces/osr_interfaces/msg/detail/command_corner__struct.hpp
[16.048s] -- Installing: /home/muarcianos/rover_ws/install/osr_interfaces/include/osr_interfaces/osr_interfaces/msg/detail/status__struct.hpp
[16.048s] -- Installing: /home/muarcianos/rover_ws/install/osr_interfaces/include/osr_interfaces/osr_interfaces/msg/detail/status__traits.hpp
[16.049s] -- Installing: /home/muarcianos/rover_ws/install/osr_interfaces/include/osr_interfaces/osr_interfaces/msg/detail/command_corner__builder.hpp
[16.049s] -- Installing: /home/muarcianos/rover_ws/install/osr_interfaces/include/osr_interfaces/osr_interfaces/msg/detail/command_drive__struct.hpp
[16.049s] -- Installing: /home/muarcianos/rover_ws/install/osr_interfaces/include/osr_interfaces/osr_interfaces/msg/detail/command_corner__type_support.hpp
[16.049s] -- Installing: /home/muarcianos/rover_ws/install/osr_interfaces/include/osr_interfaces/osr_interfaces/msg/detail/command_drive__builder.hpp
[16.049s] -- Installing: /home/muarcianos/rover_ws/install/osr_interfaces/include/osr_interfaces/osr_interfaces/msg/detail/command_drive__type_support.hpp
[16.049s] -- Installing: /home/muarcianos/rover_ws/install/osr_interfaces/include/osr_interfaces/osr_interfaces/msg/command_corner.hpp
[16.049s] -- Up-to-date: /home/muarcianos/rover_ws/install/osr_interfaces/include/osr_interfaces/osr_interfaces
[16.049s] -- Up-to-date: /home/muarcianos/rover_ws/install/osr_interfaces/include/osr_interfaces/osr_interfaces/msg
[16.050s] -- Installing: /home/muarcianos/rover_ws/install/osr_interfaces/include/osr_interfaces/osr_interfaces/msg/rosidl_typesupport_fastrtps_cpp__visibility_control.h
[16.050s] -- Up-to-date: /home/muarcianos/rover_ws/install/osr_interfaces/include/osr_interfaces/osr_interfaces/msg/detail
[16.050s] -- Installing: /home/muarcianos/rover_ws/install/osr_interfaces/include/osr_interfaces/osr_interfaces/msg/detail/status__rosidl_typesupport_fastrtps_cpp.hpp
[16.050s] -- Installing: /home/muarcianos/rover_ws/install/osr_interfaces/include/osr_interfaces/osr_interfaces/msg/detail/command_drive__rosidl_typesupport_fastrtps_cpp.hpp
[16.050s] -- Installing: /home/muarcianos/rover_ws/install/osr_interfaces/include/osr_interfaces/osr_interfaces/msg/detail/dds_fastrtps
[16.050s] -- Installing: /home/muarcianos/rover_ws/install/osr_interfaces/include/osr_interfaces/osr_interfaces/msg/detail/command_corner__rosidl_typesupport_fastrtps_cpp.hpp
[16.050s] -- Installing: /home/muarcianos/rover_ws/install/osr_interfaces/lib/libosr_interfaces__rosidl_typesupport_fastrtps_cpp.so
[16.051s] -- Set non-toolchain portion of runtime path of "/home/muarcianos/rover_ws/install/osr_interfaces/lib/libosr_interfaces__rosidl_typesupport_fastrtps_cpp.so" to ""
[16.051s] -- Up-to-date: /home/muarcianos/rover_ws/install/osr_interfaces/include/osr_interfaces/osr_interfaces
[16.051s] -- Up-to-date: /home/muarcianos/rover_ws/install/osr_interfaces/include/osr_interfaces/osr_interfaces/msg
[16.051s] -- Up-to-date: /home/muarcianos/rover_ws/install/osr_interfaces/include/osr_interfaces/osr_interfaces/msg/detail
[16.051s] -- Installing: /home/muarcianos/rover_ws/install/osr_interfaces/include/osr_interfaces/osr_interfaces/msg/detail/command_drive__type_support.cpp
[16.051s] -- Installing: /home/muarcianos/rover_ws/install/osr_interfaces/include/osr_interfaces/osr_interfaces/msg/detail/status__type_support.cpp
[16.051s] -- Installing: /home/muarcianos/rover_ws/install/osr_interfaces/include/osr_interfaces/osr_interfaces/msg/detail/command_corner__type_support.cpp
[16.052s] -- Installing: /home/muarcianos/rover_ws/install/osr_interfaces/include/osr_interfaces/osr_interfaces/msg/detail/status__rosidl_typesupport_introspection_cpp.hpp
[16.052s] -- Installing: /home/muarcianos/rover_ws/install/osr_interfaces/include/osr_interfaces/osr_interfaces/msg/detail/command_corner__rosidl_typesupport_introspection_cpp.hpp
[16.052s] -- Installing: /home/muarcianos/rover_ws/install/osr_interfaces/include/osr_interfaces/osr_interfaces/msg/detail/command_drive__rosidl_typesupport_introspection_cpp.hpp
[16.052s] -- Installing: /home/muarcianos/rover_ws/install/osr_interfaces/lib/libosr_interfaces__rosidl_typesupport_introspection_cpp.so
[16.053s] -- Set non-toolchain portion of runtime path of "/home/muarcianos/rover_ws/install/osr_interfaces/lib/libosr_interfaces__rosidl_typesupport_introspection_cpp.so" to ""
[16.053s] -- Installing: /home/muarcianos/rover_ws/install/osr_interfaces/lib/libosr_interfaces__rosidl_typesupport_cpp.so
[16.053s] -- Set non-toolchain portion of runtime path of "/home/muarcianos/rover_ws/install/osr_interfaces/lib/libosr_interfaces__rosidl_typesupport_cpp.so" to ""
[16.053s] -- Installing: /home/muarcianos/rover_ws/install/osr_interfaces/share/osr_interfaces/environment/pythonpath.sh
[16.053s] -- Installing: /home/muarcianos/rover_ws/install/osr_interfaces/share/osr_interfaces/environment/pythonpath.dsv
[16.054s] -- Installing: /home/muarcianos/rover_ws/install/osr_interfaces/lib/python3.12/site-packages/osr_interfaces-0.0.0-py3.12.egg-info
[16.054s] -- Installing: /home/muarcianos/rover_ws/install/osr_interfaces/lib/python3.12/site-packages/osr_interfaces-0.0.0-py3.12.egg-info/dependency_links.txt
[16.054s] -- Installing: /home/muarcianos/rover_ws/install/osr_interfaces/lib/python3.12/site-packages/osr_interfaces-0.0.0-py3.12.egg-info/top_level.txt
[16.054s] -- Installing: /home/muarcianos/rover_ws/install/osr_interfaces/lib/python3.12/site-packages/osr_interfaces-0.0.0-py3.12.egg-info/SOURCES.txt
[16.054s] -- Installing: /home/muarcianos/rover_ws/install/osr_interfaces/lib/python3.12/site-packages/osr_interfaces-0.0.0-py3.12.egg-info/PKG-INFO
[16.054s] -- Installing: /home/muarcianos/rover_ws/install/osr_interfaces/lib/python3.12/site-packages/osr_interfaces
[16.054s] -- Installing: /home/muarcianos/rover_ws/install/osr_interfaces/lib/python3.12/site-packages/osr_interfaces/_osr_interfaces_s.ep.rosidl_typesupport_c.c
[16.055s] -- Installing: /home/muarcianos/rover_ws/install/osr_interfaces/lib/python3.12/site-packages/osr_interfaces/_osr_interfaces_s.ep.rosidl_typesupport_fastrtps_c.c
[16.055s] -- Installing: /home/muarcianos/rover_ws/install/osr_interfaces/lib/python3.12/site-packages/osr_interfaces/msg
[16.055s] -- Installing: /home/muarcianos/rover_ws/install/osr_interfaces/lib/python3.12/site-packages/osr_interfaces/msg/_command_corner.py
[16.055s] -- Installing: /home/muarcianos/rover_ws/install/osr_interfaces/lib/python3.12/site-packages/osr_interfaces/msg/_status.py
[16.055s] -- Installing: /home/muarcianos/rover_ws/install/osr_interfaces/lib/python3.12/site-packages/osr_interfaces/msg/_command_corner_s.c
[16.055s] -- Installing: /home/muarcianos/rover_ws/install/osr_interfaces/lib/python3.12/site-packages/osr_interfaces/msg/_command_drive.py
[16.055s] -- Installing: /home/muarcianos/rover_ws/install/osr_interfaces/lib/python3.12/site-packages/osr_interfaces/msg/__init__.py
[16.056s] -- Installing: /home/muarcianos/rover_ws/install/osr_interfaces/lib/python3.12/site-packages/osr_interfaces/msg/_command_drive_s.c
[16.056s] -- Installing: /home/muarcianos/rover_ws/install/osr_interfaces/lib/python3.12/site-packages/osr_interfaces/msg/_status_s.c
[16.056s] -- Installing: /home/muarcianos/rover_ws/install/osr_interfaces/lib/python3.12/site-packages/osr_interfaces/__init__.py
[16.056s] -- Installing: /home/muarcianos/rover_ws/install/osr_interfaces/lib/python3.12/site-packages/osr_interfaces/osr_interfaces_s__rosidl_typesupport_fastrtps_c.so
[16.056s] -- Installing: /home/muarcianos/rover_ws/install/osr_interfaces/lib/python3.12/site-packages/osr_interfaces/osr_interfaces_s__rosidl_typesupport_c.so
[16.056s] -- Installing: /home/muarcianos/rover_ws/install/osr_interfaces/lib/python3.12/site-packages/osr_interfaces/_osr_interfaces_s.ep.rosidl_typesupport_introspection_c.c
[16.057s] -- Installing: /home/muarcianos/rover_ws/install/osr_interfaces/lib/python3.12/site-packages/osr_interfaces/osr_interfaces_s__rosidl_typesupport_introspection_c.so
[16.172s] Listing '/home/muarcianos/rover_ws/install/osr_interfaces/lib/python3.12/site-packages/osr_interfaces'...
[16.173s] Compiling '/home/muarcianos/rover_ws/install/osr_interfaces/lib/python3.12/site-packages/osr_interfaces/__init__.py'...
[16.173s] Listing '/home/muarcianos/rover_ws/install/osr_interfaces/lib/python3.12/site-packages/osr_interfaces/msg'...
[16.173s] Compiling '/home/muarcianos/rover_ws/install/osr_interfaces/lib/python3.12/site-packages/osr_interfaces/msg/__init__.py'...
[16.173s] Compiling '/home/muarcianos/rover_ws/install/osr_interfaces/lib/python3.12/site-packages/osr_interfaces/msg/_command_corner.py'...
[16.173s] Compiling '/home/muarcianos/rover_ws/install/osr_interfaces/lib/python3.12/site-packages/osr_interfaces/msg/_command_drive.py'...
[16.173s] Compiling '/home/muarcianos/rover_ws/install/osr_interfaces/lib/python3.12/site-packages/osr_interfaces/msg/_status.py'...
[16.177s] -- Installing: /home/muarcianos/rover_ws/install/osr_interfaces/lib/python3.12/site-packages/osr_interfaces/osr_interfaces_s__rosidl_typesupport_fastrtps_c.so
[16.178s] -- Set non-toolchain portion of runtime path of "/home/muarcianos/rover_ws/install/osr_interfaces/lib/python3.12/site-packages/osr_interfaces/osr_interfaces_s__rosidl_typesupport_fastrtps_c.so" to ""
[16.178s] -- Installing: /home/muarcianos/rover_ws/install/osr_interfaces/lib/python3.12/site-packages/osr_interfaces/osr_interfaces_s__rosidl_typesupport_introspection_c.so
[16.178s] -- Set non-toolchain portion of runtime path of "/home/muarcianos/rover_ws/install/osr_interfaces/lib/python3.12/site-packages/osr_interfaces/osr_interfaces_s__rosidl_typesupport_introspection_c.so" to ""
[16.179s] -- Installing: /home/muarcianos/rover_ws/install/osr_interfaces/lib/python3.12/site-packages/osr_interfaces/osr_interfaces_s__rosidl_typesupport_c.so
[16.179s] -- Set non-toolchain portion of runtime path of "/home/muarcianos/rover_ws/install/osr_interfaces/lib/python3.12/site-packages/osr_interfaces/osr_interfaces_s__rosidl_typesupport_c.so" to ""
[16.179s] -- Installing: /home/muarcianos/rover_ws/install/osr_interfaces/lib/libosr_interfaces__rosidl_generator_py.so
[16.180s] -- Set non-toolchain portion of runtime path of "/home/muarcianos/rover_ws/install/osr_interfaces/lib/libosr_interfaces__rosidl_generator_py.so" to ""
[16.180s] -- Installing: /home/muarcianos/rover_ws/install/osr_interfaces/share/osr_interfaces/msg/Status.idl
[16.180s] -- Installing: /home/muarcianos/rover_ws/install/osr_interfaces/share/osr_interfaces/msg/CommandDrive.idl
[16.180s] -- Installing: /home/muarcianos/rover_ws/install/osr_interfaces/share/osr_interfaces/msg/CommandCorner.idl
[16.181s] -- Installing: /home/muarcianos/rover_ws/install/osr_interfaces/share/osr_interfaces/msg/Status.msg
[16.181s] -- Installing: /home/muarcianos/rover_ws/install/osr_interfaces/share/osr_interfaces/msg/CommandDrive.msg
[16.181s] -- Installing: /home/muarcianos/rover_ws/install/osr_interfaces/share/osr_interfaces/msg/CommandCorner.msg
[16.181s] -- Installing: /home/muarcianos/rover_ws/install/osr_interfaces/share/ament_index/resource_index/package_run_dependencies/osr_interfaces
[16.182s] -- Installing: /home/muarcianos/rover_ws/install/osr_interfaces/share/ament_index/resource_index/parent_prefix_path/osr_interfaces
[16.182s] -- Installing: /home/muarcianos/rover_ws/install/osr_interfaces/share/osr_interfaces/environment/ament_prefix_path.sh
[16.182s] -- Installing: /home/muarcianos/rover_ws/install/osr_interfaces/share/osr_interfaces/environment/ament_prefix_path.dsv
[16.182s] -- Installing: /home/muarcianos/rover_ws/install/osr_interfaces/share/osr_interfaces/environment/path.sh
[16.182s] -- Installing: /home/muarcianos/rover_ws/install/osr_interfaces/share/osr_interfaces/environment/path.dsv
[16.183s] -- Installing: /home/muarcianos/rover_ws/install/osr_interfaces/share/osr_interfaces/local_setup.bash
[16.183s] -- Installing: /home/muarcianos/rover_ws/install/osr_interfaces/share/osr_interfaces/local_setup.sh
[16.183s] -- Installing: /home/muarcianos/rover_ws/install/osr_interfaces/share/osr_interfaces/local_setup.zsh
[16.183s] -- Installing: /home/muarcianos/rover_ws/install/osr_interfaces/share/osr_interfaces/local_setup.dsv
[16.183s] -- Installing: /home/muarcianos/rover_ws/install/osr_interfaces/share/osr_interfaces/package.dsv
[16.184s] -- Installing: /home/muarcianos/rover_ws/install/osr_interfaces/share/ament_index/resource_index/packages/osr_interfaces
[16.184s] -- Installing: /home/muarcianos/rover_ws/install/osr_interfaces/share/osr_interfaces/cmake/export_osr_interfaces__rosidl_generator_cExport.cmake
[16.184s] -- Installing: /home/muarcianos/rover_ws/install/osr_interfaces/share/osr_interfaces/cmake/export_osr_interfaces__rosidl_generator_cExport-noconfig.cmake
[16.184s] -- Installing: /home/muarcianos/rover_ws/install/osr_interfaces/share/osr_interfaces/cmake/export_osr_interfaces__rosidl_typesupport_fastrtps_cExport.cmake
[16.184s] -- Installing: /home/muarcianos/rover_ws/install/osr_interfaces/share/osr_interfaces/cmake/export_osr_interfaces__rosidl_typesupport_fastrtps_cExport-noconfig.cmake
[16.185s] -- Installing: /home/muarcianos/rover_ws/install/osr_interfaces/share/osr_interfaces/cmake/osr_interfaces__rosidl_typesupport_introspection_cExport.cmake
[16.185s] -- Installing: /home/muarcianos/rover_ws/install/osr_interfaces/share/osr_interfaces/cmake/osr_interfaces__rosidl_typesupport_introspection_cExport-noconfig.cmake
[16.185s] -- Installing: /home/muarcianos/rover_ws/install/osr_interfaces/share/osr_interfaces/cmake/osr_interfaces__rosidl_typesupport_cExport.cmake
[16.185s] -- Installing: /home/muarcianos/rover_ws/install/osr_interfaces/share/osr_interfaces/cmake/osr_interfaces__rosidl_typesupport_cExport-noconfig.cmake
[16.185s] -- Installing: /home/muarcianos/rover_ws/install/osr_interfaces/share/osr_interfaces/cmake/export_osr_interfaces__rosidl_generator_cppExport.cmake
[16.186s] -- Installing: /home/muarcianos/rover_ws/install/osr_interfaces/share/osr_interfaces/cmake/export_osr_interfaces__rosidl_typesupport_fastrtps_cppExport.cmake
[16.186s] -- Installing: /home/muarcianos/rover_ws/install/osr_interfaces/share/osr_interfaces/cmake/export_osr_interfaces__rosidl_typesupport_fastrtps_cppExport-noconfig.cmake
[16.186s] -- Installing: /home/muarcianos/rover_ws/install/osr_interfaces/share/osr_interfaces/cmake/osr_interfaces__rosidl_typesupport_introspection_cppExport.cmake
[16.186s] -- Installing: /home/muarcianos/rover_ws/install/osr_interfaces/share/osr_interfaces/cmake/osr_interfaces__rosidl_typesupport_introspection_cppExport-noconfig.cmake
[16.187s] -- Installing: /home/muarcianos/rover_ws/install/osr_interfaces/share/osr_interfaces/cmake/osr_interfaces__rosidl_typesupport_cppExport.cmake
[16.187s] -- Installing: /home/muarcianos/rover_ws/install/osr_interfaces/share/osr_interfaces/cmake/osr_interfaces__rosidl_typesupport_cppExport-noconfig.cmake
[16.187s] -- Installing: /home/muarcianos/rover_ws/install/osr_interfaces/share/osr_interfaces/cmake/export_osr_interfaces__rosidl_generator_pyExport.cmake
[16.187s] -- Installing: /home/muarcianos/rover_ws/install/osr_interfaces/share/osr_interfaces/cmake/export_osr_interfaces__rosidl_generator_pyExport-noconfig.cmake
[16.187s] -- Installing: /home/muarcianos/rover_ws/install/osr_interfaces/share/osr_interfaces/cmake/rosidl_cmake-extras.cmake
[16.188s] -- Installing: /home/muarcianos/rover_ws/install/osr_interfaces/share/osr_interfaces/cmake/ament_cmake_export_include_directories-extras.cmake
[16.188s] -- Installing: /home/muarcianos/rover_ws/install/osr_interfaces/share/osr_interfaces/cmake/ament_cmake_export_libraries-extras.cmake
[16.188s] -- Installing: /home/muarcianos/rover_ws/install/osr_interfaces/share/osr_interfaces/cmake/ament_cmake_export_targets-extras.cmake
[16.188s] -- Installing: /home/muarcianos/rover_ws/install/osr_interfaces/share/osr_interfaces/cmake/rosidl_cmake_export_typesupport_targets-extras.cmake
[16.188s] -- Installing: /home/muarcianos/rover_ws/install/osr_interfaces/share/osr_interfaces/cmake/ament_cmake_export_dependencies-extras.cmake
[16.188s] -- Installing: /home/muarcianos/rover_ws/install/osr_interfaces/share/osr_interfaces/cmake/rosidl_cmake_export_typesupport_libraries-extras.cmake
[16.189s] -- Installing: /home/muarcianos/rover_ws/install/osr_interfaces/share/osr_interfaces/cmake/osr_interfacesConfig.cmake
[16.189s] -- Installing: /home/muarcianos/rover_ws/install/osr_interfaces/share/osr_interfaces/cmake/osr_interfacesConfig-version.cmake
[16.189s] -- Installing: /home/muarcianos/rover_ws/install/osr_interfaces/share/osr_interfaces/package.xml
[16.193s] Invoked command in '/home/muarcianos/rover_ws/build/osr_interfaces' returned '0': CMAKE_PREFIX_PATH=${CMAKE_PREFIX_PATH}:/home/muarcianos/osr_ws/install/osr_control:/opt/ros/jazzy DEBUGINFOD_URLS=https://debuginfod.ubuntu.com PS1=(venv) \[\e]0;\u@\h: \w\a\]${debian_chroot:+($debian_chroot)}\[\033[01;32m\]\u@\h\[\033[00m\]:\[\033[01;34m\]\w\[\033[00m\]\$ VIRTUAL_ENV_PROMPT=(venv) /usr/bin/cmake --install /home/muarcianos/rover_ws/build/osr_interfaces
