[0.149s] DEBUG:colcon:Command line arguments: ['/usr/bin/colcon', 'build']
[0.149s] DEBUG:colcon:Parsed command line arguments: Namespace(log_base=None, log_level=None, verb_name='build', build_base='build', install_base='install', merge_install=False, symlink_install=False, test_result_base=None, continue_on_error=False, executor='parallel', parallel_workers=4, event_handlers=None, ignore_user_meta=False, metas=['./colcon.meta'], base_paths=['.'], packages_ignore=None, packages_ignore_regex=None, paths=None, packages_up_to=None, packages_up_to_regex=None, packages_above=None, packages_above_and_dependencies=None, packages_above_depth=None, packages_select_by_dep=None, packages_skip_by_dep=None, packages_skip_up_to=None, packages_select_build_failed=False, packages_skip_build_finished=False, packages_select_test_failures=False, packages_skip_test_passed=False, packages_select=None, packages_skip=None, packages_select_regex=None, packages_skip_regex=None, packages_start=None, packages_end=None, allow_overriding=[], cmake_args=None, cmake_target=None, cmake_target_skip_unavailable=False, cmake_clean_cache=False, cmake_clean_first=False, cmake_force_configure=False, ament_cmake_args=None, catkin_cmake_args=None, catkin_skip_building_tests=False, mixin_files=None, mixin=None, verb_parser=<colcon_mixin.mixin.mixin_argument.MixinArgumentDecorator object at 0xffff9ae94770>, verb_extension=<colcon_core.verb.build.BuildVerb object at 0xffff9b050d10>, main=<bound method BuildVerb.main of <colcon_core.verb.build.BuildVerb object at 0xffff9b050d10>>, mixin_verb=('build',))
[0.205s] Level 1:colcon.colcon_core.package_discovery:discover_packages(colcon_meta) check parameters
[0.205s] Level 1:colcon.colcon_core.package_discovery:discover_packages(recursive) check parameters
[0.205s] Level 1:colcon.colcon_core.package_discovery:discover_packages(ignore) check parameters
[0.205s] Level 1:colcon.colcon_core.package_discovery:discover_packages(path) check parameters
[0.205s] Level 1:colcon.colcon_core.package_discovery:discover_packages(colcon_meta) discover
[0.205s] Level 1:colcon.colcon_core.package_discovery:discover_packages(recursive) discover
[0.205s] INFO:colcon.colcon_core.package_discovery:Crawling recursively for packages in '/home/muarcianos/rover_ws'
[0.205s] Level 1:colcon.colcon_core.package_identification:_identify(.) by extensions ['ignore', 'ignore_ament_install']
[0.205s] Level 1:colcon.colcon_core.package_identification:_identify(.) by extension 'ignore'
[0.206s] Level 1:colcon.colcon_core.package_identification:_identify(.) by extension 'ignore_ament_install'
[0.206s] Level 1:colcon.colcon_core.package_identification:_identify(.) by extensions ['colcon_pkg']
[0.206s] Level 1:colcon.colcon_core.package_identification:_identify(.) by extension 'colcon_pkg'
[0.206s] Level 1:colcon.colcon_core.package_identification:_identify(.) by extensions ['colcon_meta']
[0.206s] Level 1:colcon.colcon_core.package_identification:_identify(.) by extension 'colcon_meta'
[0.206s] Level 1:colcon.colcon_core.package_identification:_identify(.) by extensions ['ros']
[0.206s] Level 1:colcon.colcon_core.package_identification:_identify(.) by extension 'ros'
[0.244s] Level 1:colcon.colcon_core.package_identification:_identify(.) by extensions ['cmake', 'python']
[0.244s] Level 1:colcon.colcon_core.package_identification:_identify(.) by extension 'cmake'
[0.244s] Level 1:colcon.colcon_core.package_identification:_identify(.) by extension 'python'
[0.244s] Level 1:colcon.colcon_core.package_identification:_identify(.) by extensions ['python_setup_py']
[0.244s] Level 1:colcon.colcon_core.package_identification:_identify(.) by extension 'python_setup_py'
[0.244s] Level 1:colcon.colcon_core.package_identification:_identify(build) by extensions ['ignore', 'ignore_ament_install']
[0.244s] Level 1:colcon.colcon_core.package_identification:_identify(build) by extension 'ignore'
[0.244s] Level 1:colcon.colcon_core.package_identification:_identify(build) ignored
[0.244s] Level 1:colcon.colcon_core.package_identification:_identify(install) by extensions ['ignore', 'ignore_ament_install']
[0.244s] Level 1:colcon.colcon_core.package_identification:_identify(install) by extension 'ignore'
[0.244s] Level 1:colcon.colcon_core.package_identification:_identify(install) ignored
[0.245s] Level 1:colcon.colcon_core.package_identification:_identify(log) by extensions ['ignore', 'ignore_ament_install']
[0.245s] Level 1:colcon.colcon_core.package_identification:_identify(log) by extension 'ignore'
[0.245s] Level 1:colcon.colcon_core.package_identification:_identify(log) ignored
[0.245s] Level 1:colcon.colcon_core.package_identification:_identify(src) by extensions ['ignore', 'ignore_ament_install']
[0.245s] Level 1:colcon.colcon_core.package_identification:_identify(src) by extension 'ignore'
[0.245s] Level 1:colcon.colcon_core.package_identification:_identify(src) by extension 'ignore_ament_install'
[0.245s] Level 1:colcon.colcon_core.package_identification:_identify(src) by extensions ['colcon_pkg']
[0.245s] Level 1:colcon.colcon_core.package_identification:_identify(src) by extension 'colcon_pkg'
[0.245s] Level 1:colcon.colcon_core.package_identification:_identify(src) by extensions ['colcon_meta']
[0.245s] Level 1:colcon.colcon_core.package_identification:_identify(src) by extension 'colcon_meta'
[0.245s] Level 1:colcon.colcon_core.package_identification:_identify(src) by extensions ['ros']
[0.245s] Level 1:colcon.colcon_core.package_identification:_identify(src) by extension 'ros'
[0.245s] Level 1:colcon.colcon_core.package_identification:_identify(src) by extensions ['cmake', 'python']
[0.245s] Level 1:colcon.colcon_core.package_identification:_identify(src) by extension 'cmake'
[0.245s] Level 1:colcon.colcon_core.package_identification:_identify(src) by extension 'python'
[0.245s] Level 1:colcon.colcon_core.package_identification:_identify(src) by extensions ['python_setup_py']
[0.245s] Level 1:colcon.colcon_core.package_identification:_identify(src) by extension 'python_setup_py'
[0.246s] Level 1:colcon.colcon_core.package_identification:_identify(src/osr-rover-code) by extensions ['ignore', 'ignore_ament_install']
[0.246s] Level 1:colcon.colcon_core.package_identification:_identify(src/osr-rover-code) by extension 'ignore'
[0.246s] Level 1:colcon.colcon_core.package_identification:_identify(src/osr-rover-code) by extension 'ignore_ament_install'
[0.246s] Level 1:colcon.colcon_core.package_identification:_identify(src/osr-rover-code) by extensions ['colcon_pkg']
[0.246s] Level 1:colcon.colcon_core.package_identification:_identify(src/osr-rover-code) by extension 'colcon_pkg'
[0.246s] Level 1:colcon.colcon_core.package_identification:_identify(src/osr-rover-code) by extensions ['colcon_meta']
[0.246s] Level 1:colcon.colcon_core.package_identification:_identify(src/osr-rover-code) by extension 'colcon_meta'
[0.246s] Level 1:colcon.colcon_core.package_identification:_identify(src/osr-rover-code) by extensions ['ros']
[0.246s] Level 1:colcon.colcon_core.package_identification:_identify(src/osr-rover-code) by extension 'ros'
[0.246s] Level 1:colcon.colcon_core.package_identification:_identify(src/osr-rover-code) by extensions ['cmake', 'python']
[0.246s] Level 1:colcon.colcon_core.package_identification:_identify(src/osr-rover-code) by extension 'cmake'
[0.246s] Level 1:colcon.colcon_core.package_identification:_identify(src/osr-rover-code) by extension 'python'
[0.246s] Level 1:colcon.colcon_core.package_identification:_identify(src/osr-rover-code) by extensions ['python_setup_py']
[0.246s] Level 1:colcon.colcon_core.package_identification:_identify(src/osr-rover-code) by extension 'python_setup_py'
[0.246s] Level 1:colcon.colcon_core.package_identification:_identify(src/osr-rover-code/ROS) by extensions ['ignore', 'ignore_ament_install']
[0.246s] Level 1:colcon.colcon_core.package_identification:_identify(src/osr-rover-code/ROS) by extension 'ignore'
[0.246s] Level 1:colcon.colcon_core.package_identification:_identify(src/osr-rover-code/ROS) by extension 'ignore_ament_install'
[0.247s] Level 1:colcon.colcon_core.package_identification:_identify(src/osr-rover-code/ROS) by extensions ['colcon_pkg']
[0.247s] Level 1:colcon.colcon_core.package_identification:_identify(src/osr-rover-code/ROS) by extension 'colcon_pkg'
[0.247s] Level 1:colcon.colcon_core.package_identification:_identify(src/osr-rover-code/ROS) by extensions ['colcon_meta']
[0.247s] Level 1:colcon.colcon_core.package_identification:_identify(src/osr-rover-code/ROS) by extension 'colcon_meta'
[0.247s] Level 1:colcon.colcon_core.package_identification:_identify(src/osr-rover-code/ROS) by extensions ['ros']
[0.247s] Level 1:colcon.colcon_core.package_identification:_identify(src/osr-rover-code/ROS) by extension 'ros'
[0.247s] Level 1:colcon.colcon_core.package_identification:_identify(src/osr-rover-code/ROS) by extensions ['cmake', 'python']
[0.247s] Level 1:colcon.colcon_core.package_identification:_identify(src/osr-rover-code/ROS) by extension 'cmake'
[0.247s] Level 1:colcon.colcon_core.package_identification:_identify(src/osr-rover-code/ROS) by extension 'python'
[0.247s] Level 1:colcon.colcon_core.package_identification:_identify(src/osr-rover-code/ROS) by extensions ['python_setup_py']
[0.247s] Level 1:colcon.colcon_core.package_identification:_identify(src/osr-rover-code/ROS) by extension 'python_setup_py'
[0.247s] Level 1:colcon.colcon_core.package_identification:_identify(src/osr-rover-code/ROS/osr_bringup) by extensions ['ignore', 'ignore_ament_install']
[0.247s] Level 1:colcon.colcon_core.package_identification:_identify(src/osr-rover-code/ROS/osr_bringup) by extension 'ignore'
[0.247s] Level 1:colcon.colcon_core.package_identification:_identify(src/osr-rover-code/ROS/osr_bringup) by extension 'ignore_ament_install'
[0.247s] Level 1:colcon.colcon_core.package_identification:_identify(src/osr-rover-code/ROS/osr_bringup) by extensions ['colcon_pkg']
[0.247s] Level 1:colcon.colcon_core.package_identification:_identify(src/osr-rover-code/ROS/osr_bringup) by extension 'colcon_pkg'
[0.247s] Level 1:colcon.colcon_core.package_identification:_identify(src/osr-rover-code/ROS/osr_bringup) by extensions ['colcon_meta']
[0.247s] Level 1:colcon.colcon_core.package_identification:_identify(src/osr-rover-code/ROS/osr_bringup) by extension 'colcon_meta'
[0.247s] Level 1:colcon.colcon_core.package_identification:_identify(src/osr-rover-code/ROS/osr_bringup) by extensions ['ros']
[0.247s] Level 1:colcon.colcon_core.package_identification:_identify(src/osr-rover-code/ROS/osr_bringup) by extension 'ros'
[0.251s] DEBUG:colcon.colcon_core.package_identification:Package 'src/osr-rover-code/ROS/osr_bringup' with type 'ros.ament_cmake' and name 'osr_bringup'
[0.251s] Level 1:colcon.colcon_core.package_identification:_identify(src/osr-rover-code/ROS/osr_control) by extensions ['ignore', 'ignore_ament_install']
[0.251s] Level 1:colcon.colcon_core.package_identification:_identify(src/osr-rover-code/ROS/osr_control) by extension 'ignore'
[0.251s] Level 1:colcon.colcon_core.package_identification:_identify(src/osr-rover-code/ROS/osr_control) by extension 'ignore_ament_install'
[0.251s] Level 1:colcon.colcon_core.package_identification:_identify(src/osr-rover-code/ROS/osr_control) by extensions ['colcon_pkg']
[0.251s] Level 1:colcon.colcon_core.package_identification:_identify(src/osr-rover-code/ROS/osr_control) by extension 'colcon_pkg'
[0.251s] Level 1:colcon.colcon_core.package_identification:_identify(src/osr-rover-code/ROS/osr_control) by extensions ['colcon_meta']
[0.251s] Level 1:colcon.colcon_core.package_identification:_identify(src/osr-rover-code/ROS/osr_control) by extension 'colcon_meta'
[0.251s] Level 1:colcon.colcon_core.package_identification:_identify(src/osr-rover-code/ROS/osr_control) by extensions ['ros']
[0.251s] Level 1:colcon.colcon_core.package_identification:_identify(src/osr-rover-code/ROS/osr_control) by extension 'ros'
[0.252s] DEBUG:colcon.colcon_core.package_identification:Package 'src/osr-rover-code/ROS/osr_control' with type 'ros.ament_python' and name 'osr_control'
[0.252s] Level 1:colcon.colcon_core.package_identification:_identify(src/osr-rover-code/ROS/osr_gazebo) by extensions ['ignore', 'ignore_ament_install']
[0.252s] Level 1:colcon.colcon_core.package_identification:_identify(src/osr-rover-code/ROS/osr_gazebo) by extension 'ignore'
[0.252s] Level 1:colcon.colcon_core.package_identification:_identify(src/osr-rover-code/ROS/osr_gazebo) ignored
[0.252s] Level 1:colcon.colcon_core.package_identification:_identify(src/osr-rover-code/ROS/osr_interfaces) by extensions ['ignore', 'ignore_ament_install']
[0.252s] Level 1:colcon.colcon_core.package_identification:_identify(src/osr-rover-code/ROS/osr_interfaces) by extension 'ignore'
[0.252s] Level 1:colcon.colcon_core.package_identification:_identify(src/osr-rover-code/ROS/osr_interfaces) by extension 'ignore_ament_install'
[0.252s] Level 1:colcon.colcon_core.package_identification:_identify(src/osr-rover-code/ROS/osr_interfaces) by extensions ['colcon_pkg']
[0.252s] Level 1:colcon.colcon_core.package_identification:_identify(src/osr-rover-code/ROS/osr_interfaces) by extension 'colcon_pkg'
[0.252s] Level 1:colcon.colcon_core.package_identification:_identify(src/osr-rover-code/ROS/osr_interfaces) by extensions ['colcon_meta']
[0.252s] Level 1:colcon.colcon_core.package_identification:_identify(src/osr-rover-code/ROS/osr_interfaces) by extension 'colcon_meta'
[0.253s] Level 1:colcon.colcon_core.package_identification:_identify(src/osr-rover-code/ROS/osr_interfaces) by extensions ['ros']
[0.253s] Level 1:colcon.colcon_core.package_identification:_identify(src/osr-rover-code/ROS/osr_interfaces) by extension 'ros'
[0.253s] DEBUG:colcon.colcon_core.package_identification:Package 'src/osr-rover-code/ROS/osr_interfaces' with type 'ros.ament_cmake' and name 'osr_interfaces'
[0.253s] Level 1:colcon.colcon_core.package_identification:_identify(src/osr-rover-code/config) by extensions ['ignore', 'ignore_ament_install']
[0.253s] Level 1:colcon.colcon_core.package_identification:_identify(src/osr-rover-code/config) by extension 'ignore'
[0.253s] Level 1:colcon.colcon_core.package_identification:_identify(src/osr-rover-code/config) by extension 'ignore_ament_install'
[0.253s] Level 1:colcon.colcon_core.package_identification:_identify(src/osr-rover-code/config) by extensions ['colcon_pkg']
[0.254s] Level 1:colcon.colcon_core.package_identification:_identify(src/osr-rover-code/config) by extension 'colcon_pkg'
[0.254s] Level 1:colcon.colcon_core.package_identification:_identify(src/osr-rover-code/config) by extensions ['colcon_meta']
[0.254s] Level 1:colcon.colcon_core.package_identification:_identify(src/osr-rover-code/config) by extension 'colcon_meta'
[0.254s] Level 1:colcon.colcon_core.package_identification:_identify(src/osr-rover-code/config) by extensions ['ros']
[0.254s] Level 1:colcon.colcon_core.package_identification:_identify(src/osr-rover-code/config) by extension 'ros'
[0.254s] Level 1:colcon.colcon_core.package_identification:_identify(src/osr-rover-code/config) by extensions ['cmake', 'python']
[0.254s] Level 1:colcon.colcon_core.package_identification:_identify(src/osr-rover-code/config) by extension 'cmake'
[0.254s] Level 1:colcon.colcon_core.package_identification:_identify(src/osr-rover-code/config) by extension 'python'
[0.254s] Level 1:colcon.colcon_core.package_identification:_identify(src/osr-rover-code/config) by extensions ['python_setup_py']
[0.254s] Level 1:colcon.colcon_core.package_identification:_identify(src/osr-rover-code/config) by extension 'python_setup_py'
[0.254s] Level 1:colcon.colcon_core.package_identification:_identify(src/osr-rover-code/init_scripts) by extensions ['ignore', 'ignore_ament_install']
[0.254s] Level 1:colcon.colcon_core.package_identification:_identify(src/osr-rover-code/init_scripts) by extension 'ignore'
[0.254s] Level 1:colcon.colcon_core.package_identification:_identify(src/osr-rover-code/init_scripts) by extension 'ignore_ament_install'
[0.254s] Level 1:colcon.colcon_core.package_identification:_identify(src/osr-rover-code/init_scripts) by extensions ['colcon_pkg']
[0.254s] Level 1:colcon.colcon_core.package_identification:_identify(src/osr-rover-code/init_scripts) by extension 'colcon_pkg'
[0.254s] Level 1:colcon.colcon_core.package_identification:_identify(src/osr-rover-code/init_scripts) by extensions ['colcon_meta']
[0.254s] Level 1:colcon.colcon_core.package_identification:_identify(src/osr-rover-code/init_scripts) by extension 'colcon_meta'
[0.254s] Level 1:colcon.colcon_core.package_identification:_identify(src/osr-rover-code/init_scripts) by extensions ['ros']
[0.254s] Level 1:colcon.colcon_core.package_identification:_identify(src/osr-rover-code/init_scripts) by extension 'ros'
[0.255s] Level 1:colcon.colcon_core.package_identification:_identify(src/osr-rover-code/init_scripts) by extensions ['cmake', 'python']
[0.255s] Level 1:colcon.colcon_core.package_identification:_identify(src/osr-rover-code/init_scripts) by extension 'cmake'
[0.255s] Level 1:colcon.colcon_core.package_identification:_identify(src/osr-rover-code/init_scripts) by extension 'python'
[0.255s] Level 1:colcon.colcon_core.package_identification:_identify(src/osr-rover-code/init_scripts) by extensions ['python_setup_py']
[0.255s] Level 1:colcon.colcon_core.package_identification:_identify(src/osr-rover-code/init_scripts) by extension 'python_setup_py'
[0.255s] Level 1:colcon.colcon_core.package_identification:_identify(src/osr-rover-code/scripts) by extensions ['ignore', 'ignore_ament_install']
[0.255s] Level 1:colcon.colcon_core.package_identification:_identify(src/osr-rover-code/scripts) by extension 'ignore'
[0.255s] Level 1:colcon.colcon_core.package_identification:_identify(src/osr-rover-code/scripts) by extension 'ignore_ament_install'
[0.255s] Level 1:colcon.colcon_core.package_identification:_identify(src/osr-rover-code/scripts) by extensions ['colcon_pkg']
[0.255s] Level 1:colcon.colcon_core.package_identification:_identify(src/osr-rover-code/scripts) by extension 'colcon_pkg'
[0.255s] Level 1:colcon.colcon_core.package_identification:_identify(src/osr-rover-code/scripts) by extensions ['colcon_meta']
[0.255s] Level 1:colcon.colcon_core.package_identification:_identify(src/osr-rover-code/scripts) by extension 'colcon_meta'
[0.255s] Level 1:colcon.colcon_core.package_identification:_identify(src/osr-rover-code/scripts) by extensions ['ros']
[0.255s] Level 1:colcon.colcon_core.package_identification:_identify(src/osr-rover-code/scripts) by extension 'ros'
[0.255s] Level 1:colcon.colcon_core.package_identification:_identify(src/osr-rover-code/scripts) by extensions ['cmake', 'python']
[0.255s] Level 1:colcon.colcon_core.package_identification:_identify(src/osr-rover-code/scripts) by extension 'cmake'
[0.255s] Level 1:colcon.colcon_core.package_identification:_identify(src/osr-rover-code/scripts) by extension 'python'
[0.255s] Level 1:colcon.colcon_core.package_identification:_identify(src/osr-rover-code/scripts) by extensions ['python_setup_py']
[0.255s] Level 1:colcon.colcon_core.package_identification:_identify(src/osr-rover-code/scripts) by extension 'python_setup_py'
[0.256s] Level 1:colcon.colcon_core.package_identification:_identify(src/osr-rover-code/scripts/__pycache__) by extensions ['ignore', 'ignore_ament_install']
[0.256s] Level 1:colcon.colcon_core.package_identification:_identify(src/osr-rover-code/scripts/__pycache__) by extension 'ignore'
[0.256s] Level 1:colcon.colcon_core.package_identification:_identify(src/osr-rover-code/scripts/__pycache__) by extension 'ignore_ament_install'
[0.256s] Level 1:colcon.colcon_core.package_identification:_identify(src/osr-rover-code/scripts/__pycache__) by extensions ['colcon_pkg']
[0.256s] Level 1:colcon.colcon_core.package_identification:_identify(src/osr-rover-code/scripts/__pycache__) by extension 'colcon_pkg'
[0.256s] Level 1:colcon.colcon_core.package_identification:_identify(src/osr-rover-code/scripts/__pycache__) by extensions ['colcon_meta']
[0.256s] Level 1:colcon.colcon_core.package_identification:_identify(src/osr-rover-code/scripts/__pycache__) by extension 'colcon_meta'
[0.256s] Level 1:colcon.colcon_core.package_identification:_identify(src/osr-rover-code/scripts/__pycache__) by extensions ['ros']
[0.256s] Level 1:colcon.colcon_core.package_identification:_identify(src/osr-rover-code/scripts/__pycache__) by extension 'ros'
[0.256s] Level 1:colcon.colcon_core.package_identification:_identify(src/osr-rover-code/scripts/__pycache__) by extensions ['cmake', 'python']
[0.256s] Level 1:colcon.colcon_core.package_identification:_identify(src/osr-rover-code/scripts/__pycache__) by extension 'cmake'
[0.256s] Level 1:colcon.colcon_core.package_identification:_identify(src/osr-rover-code/scripts/__pycache__) by extension 'python'
[0.256s] Level 1:colcon.colcon_core.package_identification:_identify(src/osr-rover-code/scripts/__pycache__) by extensions ['python_setup_py']
[0.256s] Level 1:colcon.colcon_core.package_identification:_identify(src/osr-rover-code/scripts/__pycache__) by extension 'python_setup_py'
[0.256s] Level 1:colcon.colcon_core.package_identification:_identify(src/osr-rover-code/scripts/build) by extensions ['ignore', 'ignore_ament_install']
[0.256s] Level 1:colcon.colcon_core.package_identification:_identify(src/osr-rover-code/scripts/build) by extension 'ignore'
[0.256s] Level 1:colcon.colcon_core.package_identification:_identify(src/osr-rover-code/scripts/build) ignored
[0.257s] Level 1:colcon.colcon_core.package_identification:_identify(src/osr-rover-code/scripts/install) by extensions ['ignore', 'ignore_ament_install']
[0.257s] Level 1:colcon.colcon_core.package_identification:_identify(src/osr-rover-code/scripts/install) by extension 'ignore'
[0.257s] Level 1:colcon.colcon_core.package_identification:_identify(src/osr-rover-code/scripts/install) ignored
[0.257s] Level 1:colcon.colcon_core.package_identification:_identify(src/osr-rover-code/scripts/log) by extensions ['ignore', 'ignore_ament_install']
[0.257s] Level 1:colcon.colcon_core.package_identification:_identify(src/osr-rover-code/scripts/log) by extension 'ignore'
[0.257s] Level 1:colcon.colcon_core.package_identification:_identify(src/osr-rover-code/scripts/log) ignored
[0.257s] Level 1:colcon.colcon_core.package_identification:_identify(src/osr-rover-code/setup) by extensions ['ignore', 'ignore_ament_install']
[0.257s] Level 1:colcon.colcon_core.package_identification:_identify(src/osr-rover-code/setup) by extension 'ignore'
[0.257s] Level 1:colcon.colcon_core.package_identification:_identify(src/osr-rover-code/setup) by extension 'ignore_ament_install'
[0.257s] Level 1:colcon.colcon_core.package_identification:_identify(src/osr-rover-code/setup) by extensions ['colcon_pkg']
[0.257s] Level 1:colcon.colcon_core.package_identification:_identify(src/osr-rover-code/setup) by extension 'colcon_pkg'
[0.257s] Level 1:colcon.colcon_core.package_identification:_identify(src/osr-rover-code/setup) by extensions ['colcon_meta']
[0.257s] Level 1:colcon.colcon_core.package_identification:_identify(src/osr-rover-code/setup) by extension 'colcon_meta'
[0.257s] Level 1:colcon.colcon_core.package_identification:_identify(src/osr-rover-code/setup) by extensions ['ros']
[0.257s] Level 1:colcon.colcon_core.package_identification:_identify(src/osr-rover-code/setup) by extension 'ros'
[0.258s] Level 1:colcon.colcon_core.package_identification:_identify(src/osr-rover-code/setup) by extensions ['cmake', 'python']
[0.258s] Level 1:colcon.colcon_core.package_identification:_identify(src/osr-rover-code/setup) by extension 'cmake'
[0.258s] Level 1:colcon.colcon_core.package_identification:_identify(src/osr-rover-code/setup) by extension 'python'
[0.258s] Level 1:colcon.colcon_core.package_identification:_identify(src/osr-rover-code/setup) by extensions ['python_setup_py']
[0.258s] Level 1:colcon.colcon_core.package_identification:_identify(src/osr-rover-code/setup) by extension 'python_setup_py'
[0.258s] Level 1:colcon.colcon_core.package_identification:_identify(src/osr-rover-code/setup/images) by extensions ['ignore', 'ignore_ament_install']
[0.258s] Level 1:colcon.colcon_core.package_identification:_identify(src/osr-rover-code/setup/images) by extension 'ignore'
[0.258s] Level 1:colcon.colcon_core.package_identification:_identify(src/osr-rover-code/setup/images) by extension 'ignore_ament_install'
[0.258s] Level 1:colcon.colcon_core.package_identification:_identify(src/osr-rover-code/setup/images) by extensions ['colcon_pkg']
[0.258s] Level 1:colcon.colcon_core.package_identification:_identify(src/osr-rover-code/setup/images) by extension 'colcon_pkg'
[0.258s] Level 1:colcon.colcon_core.package_identification:_identify(src/osr-rover-code/setup/images) by extensions ['colcon_meta']
[0.258s] Level 1:colcon.colcon_core.package_identification:_identify(src/osr-rover-code/setup/images) by extension 'colcon_meta'
[0.258s] Level 1:colcon.colcon_core.package_identification:_identify(src/osr-rover-code/setup/images) by extensions ['ros']
[0.258s] Level 1:colcon.colcon_core.package_identification:_identify(src/osr-rover-code/setup/images) by extension 'ros'
[0.258s] Level 1:colcon.colcon_core.package_identification:_identify(src/osr-rover-code/setup/images) by extensions ['cmake', 'python']
[0.258s] Level 1:colcon.colcon_core.package_identification:_identify(src/osr-rover-code/setup/images) by extension 'cmake'
[0.258s] Level 1:colcon.colcon_core.package_identification:_identify(src/osr-rover-code/setup/images) by extension 'python'
[0.258s] Level 1:colcon.colcon_core.package_identification:_identify(src/osr-rover-code/setup/images) by extensions ['python_setup_py']
[0.258s] Level 1:colcon.colcon_core.package_identification:_identify(src/osr-rover-code/setup/images) by extension 'python_setup_py'
[0.258s] Level 1:colcon.colcon_core.package_discovery:discover_packages(recursive) using defaults
[0.259s] Level 1:colcon.colcon_core.package_discovery:discover_packages(ignore) discover
[0.259s] Level 1:colcon.colcon_core.package_discovery:discover_packages(ignore) using defaults
[0.259s] Level 1:colcon.colcon_core.package_discovery:discover_packages(path) discover
[0.259s] Level 1:colcon.colcon_core.package_discovery:discover_packages(path) using defaults
[0.282s] Level 1:colcon.colcon_core.package_discovery:discover_packages(prefix_path) check parameters
[0.282s] Level 1:colcon.colcon_core.package_discovery:discover_packages(prefix_path) discover
[0.285s] DEBUG:colcon.colcon_installed_package_information.package_discovery:Found 3 installed packages in /home/muarcianos/osr_ws/install
[0.286s] DEBUG:colcon.colcon_installed_package_information.package_discovery:Found 288 installed packages in /opt/ros/jazzy
[0.289s] Level 1:colcon.colcon_core.package_discovery:discover_packages(prefix_path) using defaults
[0.348s] Level 5:colcon.colcon_core.verb:set package 'osr_bringup' build argument 'cmake_args' from command line to 'None'
[0.348s] Level 5:colcon.colcon_core.verb:set package 'osr_bringup' build argument 'cmake_target' from command line to 'None'
[0.348s] Level 5:colcon.colcon_core.verb:set package 'osr_bringup' build argument 'cmake_target_skip_unavailable' from command line to 'False'
[0.348s] Level 5:colcon.colcon_core.verb:set package 'osr_bringup' build argument 'cmake_clean_cache' from command line to 'False'
[0.348s] Level 5:colcon.colcon_core.verb:set package 'osr_bringup' build argument 'cmake_clean_first' from command line to 'False'
[0.348s] Level 5:colcon.colcon_core.verb:set package 'osr_bringup' build argument 'cmake_force_configure' from command line to 'False'
[0.348s] Level 5:colcon.colcon_core.verb:set package 'osr_bringup' build argument 'ament_cmake_args' from command line to 'None'
[0.348s] Level 5:colcon.colcon_core.verb:set package 'osr_bringup' build argument 'catkin_cmake_args' from command line to 'None'
[0.348s] Level 5:colcon.colcon_core.verb:set package 'osr_bringup' build argument 'catkin_skip_building_tests' from command line to 'False'
[0.348s] DEBUG:colcon.colcon_core.verb:Building package 'osr_bringup' with the following arguments: {'ament_cmake_args': None, 'build_base': '/home/muarcianos/rover_ws/build/osr_bringup', 'catkin_cmake_args': None, 'catkin_skip_building_tests': False, 'cmake_args': None, 'cmake_clean_cache': False, 'cmake_clean_first': False, 'cmake_force_configure': False, 'cmake_target': None, 'cmake_target_skip_unavailable': False, 'install_base': '/home/muarcianos/rover_ws/install/osr_bringup', 'merge_install': False, 'path': '/home/muarcianos/rover_ws/src/osr-rover-code/ROS/osr_bringup', 'symlink_install': False, 'test_result_base': None}
[0.349s] Level 5:colcon.colcon_core.verb:set package 'osr_interfaces' build argument 'cmake_args' from command line to 'None'
[0.349s] Level 5:colcon.colcon_core.verb:set package 'osr_interfaces' build argument 'cmake_target' from command line to 'None'
[0.349s] Level 5:colcon.colcon_core.verb:set package 'osr_interfaces' build argument 'cmake_target_skip_unavailable' from command line to 'False'
[0.349s] Level 5:colcon.colcon_core.verb:set package 'osr_interfaces' build argument 'cmake_clean_cache' from command line to 'False'
[0.349s] Level 5:colcon.colcon_core.verb:set package 'osr_interfaces' build argument 'cmake_clean_first' from command line to 'False'
[0.349s] Level 5:colcon.colcon_core.verb:set package 'osr_interfaces' build argument 'cmake_force_configure' from command line to 'False'
[0.349s] Level 5:colcon.colcon_core.verb:set package 'osr_interfaces' build argument 'ament_cmake_args' from command line to 'None'
[0.349s] Level 5:colcon.colcon_core.verb:set package 'osr_interfaces' build argument 'catkin_cmake_args' from command line to 'None'
[0.349s] Level 5:colcon.colcon_core.verb:set package 'osr_interfaces' build argument 'catkin_skip_building_tests' from command line to 'False'
[0.349s] DEBUG:colcon.colcon_core.verb:Building package 'osr_interfaces' with the following arguments: {'ament_cmake_args': None, 'build_base': '/home/muarcianos/rover_ws/build/osr_interfaces', 'catkin_cmake_args': None, 'catkin_skip_building_tests': False, 'cmake_args': None, 'cmake_clean_cache': False, 'cmake_clean_first': False, 'cmake_force_configure': False, 'cmake_target': None, 'cmake_target_skip_unavailable': False, 'install_base': '/home/muarcianos/rover_ws/install/osr_interfaces', 'merge_install': False, 'path': '/home/muarcianos/rover_ws/src/osr-rover-code/ROS/osr_interfaces', 'symlink_install': False, 'test_result_base': None}
[0.349s] Level 5:colcon.colcon_core.verb:set package 'osr_control' build argument 'cmake_args' from command line to 'None'
[0.349s] Level 5:colcon.colcon_core.verb:set package 'osr_control' build argument 'cmake_target' from command line to 'None'
[0.349s] Level 5:colcon.colcon_core.verb:set package 'osr_control' build argument 'cmake_target_skip_unavailable' from command line to 'False'
[0.349s] Level 5:colcon.colcon_core.verb:set package 'osr_control' build argument 'cmake_clean_cache' from command line to 'False'
[0.349s] Level 5:colcon.colcon_core.verb:set package 'osr_control' build argument 'cmake_clean_first' from command line to 'False'
[0.349s] Level 5:colcon.colcon_core.verb:set package 'osr_control' build argument 'cmake_force_configure' from command line to 'False'
[0.349s] Level 5:colcon.colcon_core.verb:set package 'osr_control' build argument 'ament_cmake_args' from command line to 'None'
[0.349s] Level 5:colcon.colcon_core.verb:set package 'osr_control' build argument 'catkin_cmake_args' from command line to 'None'
[0.349s] Level 5:colcon.colcon_core.verb:set package 'osr_control' build argument 'catkin_skip_building_tests' from command line to 'False'
[0.349s] DEBUG:colcon.colcon_core.verb:Building package 'osr_control' with the following arguments: {'ament_cmake_args': None, 'build_base': '/home/muarcianos/rover_ws/build/osr_control', 'catkin_cmake_args': None, 'catkin_skip_building_tests': False, 'cmake_args': None, 'cmake_clean_cache': False, 'cmake_clean_first': False, 'cmake_force_configure': False, 'cmake_target': None, 'cmake_target_skip_unavailable': False, 'install_base': '/home/muarcianos/rover_ws/install/osr_control', 'merge_install': False, 'path': '/home/muarcianos/rover_ws/src/osr-rover-code/ROS/osr_control', 'symlink_install': False, 'test_result_base': None}
[0.350s] INFO:colcon.colcon_core.executor:Executing jobs using 'parallel' executor
[0.351s] DEBUG:colcon.colcon_parallel_executor.executor.parallel:run_until_complete
[0.351s] INFO:colcon.colcon_ros.task.ament_cmake.build:Building ROS package in '/home/muarcianos/rover_ws/src/osr-rover-code/ROS/osr_interfaces' with build type 'ament_cmake'
[0.351s] INFO:colcon.colcon_cmake.task.cmake.build:Building CMake package in '/home/muarcianos/rover_ws/src/osr-rover-code/ROS/osr_interfaces'
[0.354s] INFO:colcon.colcon_core.plugin_system:Skipping extension 'colcon_core.shell.bat': Not used on non-Windows systems
[0.354s] INFO:colcon.colcon_core.shell:Skip shell extension 'powershell' for command environment: Not usable outside of PowerShell
[0.354s] DEBUG:colcon.colcon_core.shell:Skip shell extension 'dsv' for command environment
[0.359s] INFO:colcon.colcon_ros.task.ament_cmake.build:Building ROS package in '/home/muarcianos/rover_ws/src/osr-rover-code/ROS/osr_bringup' with build type 'ament_cmake'
[0.359s] INFO:colcon.colcon_cmake.task.cmake.build:Building CMake package in '/home/muarcianos/rover_ws/src/osr-rover-code/ROS/osr_bringup'
[0.359s] INFO:colcon.colcon_core.shell:Skip shell extension 'powershell' for command environment: Not usable outside of PowerShell
[0.359s] DEBUG:colcon.colcon_core.shell:Skip shell extension 'dsv' for command environment
[0.368s] DEBUG:colcon.colcon_core.event_handler.log_command:Invoking command in '/home/muarcianos/rover_ws/build/osr_interfaces': CMAKE_PREFIX_PATH=${CMAKE_PREFIX_PATH}:/home/muarcianos/osr_ws/install/osr_control:/opt/ros/jazzy DEBUGINFOD_URLS=https://debuginfod.ubuntu.com PS1=(venv) \[\e]0;\u@\h: \w\a\]${debian_chroot:+($debian_chroot)}\[\033[01;32m\]\u@\h\[\033[00m\]:\[\033[01;34m\]\w\[\033[00m\]\$ VIRTUAL_ENV_PROMPT=(venv) /usr/bin/cmake /home/muarcianos/rover_ws/src/osr-rover-code/ROS/osr_interfaces -DCMAKE_INSTALL_PREFIX=/home/muarcianos/rover_ws/install/osr_interfaces
[0.374s] DEBUG:colcon.colcon_core.event_handler.log_command:Invoking command in '/home/muarcianos/rover_ws/build/osr_bringup': CMAKE_PREFIX_PATH=${CMAKE_PREFIX_PATH}:/home/muarcianos/osr_ws/install/osr_control:/opt/ros/jazzy DEBUGINFOD_URLS=https://debuginfod.ubuntu.com PS1=(venv) \[\e]0;\u@\h: \w\a\]${debian_chroot:+($debian_chroot)}\[\033[01;32m\]\u@\h\[\033[00m\]:\[\033[01;34m\]\w\[\033[00m\]\$ VIRTUAL_ENV_PROMPT=(venv) /usr/bin/cmake /home/muarcianos/rover_ws/src/osr-rover-code/ROS/osr_bringup -DCMAKE_INSTALL_PREFIX=/home/muarcianos/rover_ws/install/osr_bringup
[2.714s] DEBUG:colcon.colcon_core.event_handler.log_command:Invoked command in '/home/muarcianos/rover_ws/build/osr_bringup' returned '0': CMAKE_PREFIX_PATH=${CMAKE_PREFIX_PATH}:/home/muarcianos/osr_ws/install/osr_control:/opt/ros/jazzy DEBUGINFOD_URLS=https://debuginfod.ubuntu.com PS1=(venv) \[\e]0;\u@\h: \w\a\]${debian_chroot:+($debian_chroot)}\[\033[01;32m\]\u@\h\[\033[00m\]:\[\033[01;34m\]\w\[\033[00m\]\$ VIRTUAL_ENV_PROMPT=(venv) /usr/bin/cmake /home/muarcianos/rover_ws/src/osr-rover-code/ROS/osr_bringup -DCMAKE_INSTALL_PREFIX=/home/muarcianos/rover_ws/install/osr_bringup
[2.716s] DEBUG:colcon.colcon_core.event_handler.log_command:Invoking command in '/home/muarcianos/rover_ws/build/osr_bringup': CMAKE_PREFIX_PATH=${CMAKE_PREFIX_PATH}:/home/muarcianos/osr_ws/install/osr_control:/opt/ros/jazzy DEBUGINFOD_URLS=https://debuginfod.ubuntu.com PS1=(venv) \[\e]0;\u@\h: \w\a\]${debian_chroot:+($debian_chroot)}\[\033[01;32m\]\u@\h\[\033[00m\]:\[\033[01;34m\]\w\[\033[00m\]\$ VIRTUAL_ENV_PROMPT=(venv) /usr/bin/cmake --build /home/muarcianos/rover_ws/build/osr_bringup -- -j4 -l4
[2.789s] DEBUG:colcon.colcon_core.event_handler.log_command:Invoked command in '/home/muarcianos/rover_ws/build/osr_bringup' returned '0': CMAKE_PREFIX_PATH=${CMAKE_PREFIX_PATH}:/home/muarcianos/osr_ws/install/osr_control:/opt/ros/jazzy DEBUGINFOD_URLS=https://debuginfod.ubuntu.com PS1=(venv) \[\e]0;\u@\h: \w\a\]${debian_chroot:+($debian_chroot)}\[\033[01;32m\]\u@\h\[\033[00m\]:\[\033[01;34m\]\w\[\033[00m\]\$ VIRTUAL_ENV_PROMPT=(venv) /usr/bin/cmake --build /home/muarcianos/rover_ws/build/osr_bringup -- -j4 -l4
[2.807s] DEBUG:colcon.colcon_core.event_handler.log_command:Invoking command in '/home/muarcianos/rover_ws/build/osr_bringup': CMAKE_PREFIX_PATH=${CMAKE_PREFIX_PATH}:/home/muarcianos/osr_ws/install/osr_control:/opt/ros/jazzy DEBUGINFOD_URLS=https://debuginfod.ubuntu.com PS1=(venv) \[\e]0;\u@\h: \w\a\]${debian_chroot:+($debian_chroot)}\[\033[01;32m\]\u@\h\[\033[00m\]:\[\033[01;34m\]\w\[\033[00m\]\$ VIRTUAL_ENV_PROMPT=(venv) /usr/bin/cmake --install /home/muarcianos/rover_ws/build/osr_bringup
[2.829s] Level 1:colcon.colcon_core.environment:create_environment_scripts_only(osr_bringup)
[2.830s] DEBUG:colcon.colcon_core.event_handler.log_command:Invoked command in '/home/muarcianos/rover_ws/build/osr_bringup' returned '0': CMAKE_PREFIX_PATH=${CMAKE_PREFIX_PATH}:/home/muarcianos/osr_ws/install/osr_control:/opt/ros/jazzy DEBUGINFOD_URLS=https://debuginfod.ubuntu.com PS1=(venv) \[\e]0;\u@\h: \w\a\]${debian_chroot:+($debian_chroot)}\[\033[01;32m\]\u@\h\[\033[00m\]:\[\033[01;34m\]\w\[\033[00m\]\$ VIRTUAL_ENV_PROMPT=(venv) /usr/bin/cmake --install /home/muarcianos/rover_ws/build/osr_bringup
[2.832s] Level 1:colcon.colcon_core.environment:checking '/home/muarcianos/rover_ws/install/osr_bringup' for CMake module files
[2.833s] Level 1:colcon.colcon_core.environment:checking '/home/muarcianos/rover_ws/install/osr_bringup' for CMake config files
[2.833s] Level 1:colcon.colcon_core.shell:create_environment_hook('osr_bringup', 'cmake_prefix_path')
[2.834s] INFO:colcon.colcon_core.shell:Creating environment hook '/home/muarcianos/rover_ws/install/osr_bringup/share/osr_bringup/hook/cmake_prefix_path.ps1'
[2.835s] INFO:colcon.colcon_core.shell:Creating environment descriptor '/home/muarcianos/rover_ws/install/osr_bringup/share/osr_bringup/hook/cmake_prefix_path.dsv'
[2.835s] INFO:colcon.colcon_core.shell:Creating environment hook '/home/muarcianos/rover_ws/install/osr_bringup/share/osr_bringup/hook/cmake_prefix_path.sh'
[2.836s] Level 1:colcon.colcon_core.environment:checking '/home/muarcianos/rover_ws/install/osr_bringup/bin'
[2.836s] Level 1:colcon.colcon_core.environment:checking '/home/muarcianos/rover_ws/install/osr_bringup/lib/pkgconfig/osr_bringup.pc'
[2.837s] Level 1:colcon.colcon_core.environment:checking '/home/muarcianos/rover_ws/install/osr_bringup/lib/python3.12/site-packages'
[2.837s] Level 1:colcon.colcon_core.environment:checking '/home/muarcianos/rover_ws/install/osr_bringup/bin'
[2.837s] INFO:colcon.colcon_core.shell:Creating package script '/home/muarcianos/rover_ws/install/osr_bringup/share/osr_bringup/package.ps1'
[2.839s] INFO:colcon.colcon_core.shell:Creating package descriptor '/home/muarcianos/rover_ws/install/osr_bringup/share/osr_bringup/package.dsv'
[2.839s] INFO:colcon.colcon_core.shell:Creating package script '/home/muarcianos/rover_ws/install/osr_bringup/share/osr_bringup/package.sh'
[2.840s] INFO:colcon.colcon_core.shell:Creating package script '/home/muarcianos/rover_ws/install/osr_bringup/share/osr_bringup/package.bash'
[2.841s] INFO:colcon.colcon_core.shell:Creating package script '/home/muarcianos/rover_ws/install/osr_bringup/share/osr_bringup/package.zsh'
[2.843s] Level 1:colcon.colcon_core.environment:create_file_with_runtime_dependencies(/home/muarcianos/rover_ws/install/osr_bringup/share/colcon-core/packages/osr_bringup)
[2.844s] Level 1:colcon.colcon_core.environment:create_environment_scripts_only(osr_bringup)
[2.845s] Level 1:colcon.colcon_core.environment:checking '/home/muarcianos/rover_ws/install/osr_bringup' for CMake module files
[2.845s] Level 1:colcon.colcon_core.environment:checking '/home/muarcianos/rover_ws/install/osr_bringup' for CMake config files
[2.846s] Level 1:colcon.colcon_core.shell:create_environment_hook('osr_bringup', 'cmake_prefix_path')
[2.846s] INFO:colcon.colcon_core.shell:Creating environment hook '/home/muarcianos/rover_ws/install/osr_bringup/share/osr_bringup/hook/cmake_prefix_path.ps1'
[2.847s] INFO:colcon.colcon_core.shell:Creating environment descriptor '/home/muarcianos/rover_ws/install/osr_bringup/share/osr_bringup/hook/cmake_prefix_path.dsv'
[2.847s] INFO:colcon.colcon_core.shell:Creating environment hook '/home/muarcianos/rover_ws/install/osr_bringup/share/osr_bringup/hook/cmake_prefix_path.sh'
[2.848s] Level 1:colcon.colcon_core.environment:checking '/home/muarcianos/rover_ws/install/osr_bringup/bin'
[2.848s] Level 1:colcon.colcon_core.environment:checking '/home/muarcianos/rover_ws/install/osr_bringup/lib/pkgconfig/osr_bringup.pc'
[2.849s] Level 1:colcon.colcon_core.environment:checking '/home/muarcianos/rover_ws/install/osr_bringup/lib/python3.12/site-packages'
[2.849s] Level 1:colcon.colcon_core.environment:checking '/home/muarcianos/rover_ws/install/osr_bringup/bin'
[2.850s] INFO:colcon.colcon_core.shell:Creating package script '/home/muarcianos/rover_ws/install/osr_bringup/share/osr_bringup/package.ps1'
[2.850s] INFO:colcon.colcon_core.shell:Creating package descriptor '/home/muarcianos/rover_ws/install/osr_bringup/share/osr_bringup/package.dsv'
[2.852s] INFO:colcon.colcon_core.shell:Creating package script '/home/muarcianos/rover_ws/install/osr_bringup/share/osr_bringup/package.sh'
[2.854s] INFO:colcon.colcon_core.shell:Creating package script '/home/muarcianos/rover_ws/install/osr_bringup/share/osr_bringup/package.bash'
[2.855s] INFO:colcon.colcon_core.shell:Creating package script '/home/muarcianos/rover_ws/install/osr_bringup/share/osr_bringup/package.zsh'
[2.857s] Level 1:colcon.colcon_core.environment:create_file_with_runtime_dependencies(/home/muarcianos/rover_ws/install/osr_bringup/share/colcon-core/packages/osr_bringup)
[6.216s] DEBUG:colcon.colcon_core.event_handler.log_command:Invoked command in '/home/muarcianos/rover_ws/build/osr_interfaces' returned '0': CMAKE_PREFIX_PATH=${CMAKE_PREFIX_PATH}:/home/muarcianos/osr_ws/install/osr_control:/opt/ros/jazzy DEBUGINFOD_URLS=https://debuginfod.ubuntu.com PS1=(venv) \[\e]0;\u@\h: \w\a\]${debian_chroot:+($debian_chroot)}\[\033[01;32m\]\u@\h\[\033[00m\]:\[\033[01;34m\]\w\[\033[00m\]\$ VIRTUAL_ENV_PROMPT=(venv) /usr/bin/cmake /home/muarcianos/rover_ws/src/osr-rover-code/ROS/osr_interfaces -DCMAKE_INSTALL_PREFIX=/home/muarcianos/rover_ws/install/osr_interfaces
[6.218s] DEBUG:colcon.colcon_core.event_handler.log_command:Invoking command in '/home/muarcianos/rover_ws/build/osr_interfaces': CMAKE_PREFIX_PATH=${CMAKE_PREFIX_PATH}:/home/muarcianos/osr_ws/install/osr_control:/opt/ros/jazzy DEBUGINFOD_URLS=https://debuginfod.ubuntu.com PS1=(venv) \[\e]0;\u@\h: \w\a\]${debian_chroot:+($debian_chroot)}\[\033[01;32m\]\u@\h\[\033[00m\]:\[\033[01;34m\]\w\[\033[00m\]\$ VIRTUAL_ENV_PROMPT=(venv) /usr/bin/cmake --build /home/muarcianos/rover_ws/build/osr_interfaces -- -j4 -l4
[16.371s] DEBUG:colcon.colcon_core.event_handler.log_command:Invoked command in '/home/muarcianos/rover_ws/build/osr_interfaces' returned '0': CMAKE_PREFIX_PATH=${CMAKE_PREFIX_PATH}:/home/muarcianos/osr_ws/install/osr_control:/opt/ros/jazzy DEBUGINFOD_URLS=https://debuginfod.ubuntu.com PS1=(venv) \[\e]0;\u@\h: \w\a\]${debian_chroot:+($debian_chroot)}\[\033[01;32m\]\u@\h\[\033[00m\]:\[\033[01;34m\]\w\[\033[00m\]\$ VIRTUAL_ENV_PROMPT=(venv) /usr/bin/cmake --build /home/muarcianos/rover_ws/build/osr_interfaces -- -j4 -l4
[16.373s] DEBUG:colcon.colcon_core.event_handler.log_command:Invoking command in '/home/muarcianos/rover_ws/build/osr_interfaces': CMAKE_PREFIX_PATH=${CMAKE_PREFIX_PATH}:/home/muarcianos/osr_ws/install/osr_control:/opt/ros/jazzy DEBUGINFOD_URLS=https://debuginfod.ubuntu.com PS1=(venv) \[\e]0;\u@\h: \w\a\]${debian_chroot:+($debian_chroot)}\[\033[01;32m\]\u@\h\[\033[00m\]:\[\033[01;34m\]\w\[\033[00m\]\$ VIRTUAL_ENV_PROMPT=(venv) /usr/bin/cmake --install /home/muarcianos/rover_ws/build/osr_interfaces
[16.544s] Level 1:colcon.colcon_core.environment:create_environment_scripts_only(osr_interfaces)
[16.544s] Level 1:colcon.colcon_core.environment:checking '/home/muarcianos/rover_ws/install/osr_interfaces' for CMake module files
[16.545s] DEBUG:colcon.colcon_core.event_handler.log_command:Invoked command in '/home/muarcianos/rover_ws/build/osr_interfaces' returned '0': CMAKE_PREFIX_PATH=${CMAKE_PREFIX_PATH}:/home/muarcianos/osr_ws/install/osr_control:/opt/ros/jazzy DEBUGINFOD_URLS=https://debuginfod.ubuntu.com PS1=(venv) \[\e]0;\u@\h: \w\a\]${debian_chroot:+($debian_chroot)}\[\033[01;32m\]\u@\h\[\033[00m\]:\[\033[01;34m\]\w\[\033[00m\]\$ VIRTUAL_ENV_PROMPT=(venv) /usr/bin/cmake --install /home/muarcianos/rover_ws/build/osr_interfaces
[16.546s] Level 1:colcon.colcon_core.environment:checking '/home/muarcianos/rover_ws/install/osr_interfaces' for CMake config files
[16.546s] Level 1:colcon.colcon_core.shell:create_environment_hook('osr_interfaces', 'cmake_prefix_path')
[16.546s] INFO:colcon.colcon_core.shell:Creating environment hook '/home/muarcianos/rover_ws/install/osr_interfaces/share/osr_interfaces/hook/cmake_prefix_path.ps1'
[16.547s] INFO:colcon.colcon_core.shell:Creating environment descriptor '/home/muarcianos/rover_ws/install/osr_interfaces/share/osr_interfaces/hook/cmake_prefix_path.dsv'
[16.547s] INFO:colcon.colcon_core.shell:Creating environment hook '/home/muarcianos/rover_ws/install/osr_interfaces/share/osr_interfaces/hook/cmake_prefix_path.sh'
[16.548s] Level 1:colcon.colcon_core.environment:checking '/home/muarcianos/rover_ws/install/osr_interfaces/lib'
[16.548s] Level 1:colcon.colcon_core.shell:create_environment_hook('osr_interfaces', 'ld_library_path_lib')
[16.548s] INFO:colcon.colcon_core.shell:Creating environment hook '/home/muarcianos/rover_ws/install/osr_interfaces/share/osr_interfaces/hook/ld_library_path_lib.ps1'
[16.549s] INFO:colcon.colcon_core.shell:Creating environment descriptor '/home/muarcianos/rover_ws/install/osr_interfaces/share/osr_interfaces/hook/ld_library_path_lib.dsv'
[16.549s] INFO:colcon.colcon_core.shell:Creating environment hook '/home/muarcianos/rover_ws/install/osr_interfaces/share/osr_interfaces/hook/ld_library_path_lib.sh'
[16.549s] Level 1:colcon.colcon_core.environment:checking '/home/muarcianos/rover_ws/install/osr_interfaces/bin'
[16.549s] Level 1:colcon.colcon_core.environment:checking '/home/muarcianos/rover_ws/install/osr_interfaces/lib/pkgconfig/osr_interfaces.pc'
[16.550s] Level 1:colcon.colcon_core.environment:checking '/home/muarcianos/rover_ws/install/osr_interfaces/lib/python3.12/site-packages'
[16.550s] Level 1:colcon.colcon_core.shell:create_environment_hook('osr_interfaces', 'pythonpath')
[16.550s] INFO:colcon.colcon_core.shell:Creating environment hook '/home/muarcianos/rover_ws/install/osr_interfaces/share/osr_interfaces/hook/pythonpath.ps1'
[16.551s] INFO:colcon.colcon_core.shell:Creating environment descriptor '/home/muarcianos/rover_ws/install/osr_interfaces/share/osr_interfaces/hook/pythonpath.dsv'
[16.551s] INFO:colcon.colcon_core.shell:Creating environment hook '/home/muarcianos/rover_ws/install/osr_interfaces/share/osr_interfaces/hook/pythonpath.sh'
[16.552s] Level 1:colcon.colcon_core.environment:checking '/home/muarcianos/rover_ws/install/osr_interfaces/bin'
[16.552s] INFO:colcon.colcon_core.shell:Creating package script '/home/muarcianos/rover_ws/install/osr_interfaces/share/osr_interfaces/package.ps1'
[16.553s] INFO:colcon.colcon_core.shell:Creating package descriptor '/home/muarcianos/rover_ws/install/osr_interfaces/share/osr_interfaces/package.dsv'
[16.553s] INFO:colcon.colcon_core.shell:Creating package script '/home/muarcianos/rover_ws/install/osr_interfaces/share/osr_interfaces/package.sh'
[16.554s] INFO:colcon.colcon_core.shell:Creating package script '/home/muarcianos/rover_ws/install/osr_interfaces/share/osr_interfaces/package.bash'
[16.554s] INFO:colcon.colcon_core.shell:Creating package script '/home/muarcianos/rover_ws/install/osr_interfaces/share/osr_interfaces/package.zsh'
[16.554s] Level 1:colcon.colcon_core.environment:create_file_with_runtime_dependencies(/home/muarcianos/rover_ws/install/osr_interfaces/share/colcon-core/packages/osr_interfaces)
[16.555s] Level 1:colcon.colcon_core.environment:create_environment_scripts_only(osr_interfaces)
[16.555s] Level 1:colcon.colcon_core.environment:checking '/home/muarcianos/rover_ws/install/osr_interfaces' for CMake module files
[16.556s] Level 1:colcon.colcon_core.environment:checking '/home/muarcianos/rover_ws/install/osr_interfaces' for CMake config files
[16.557s] Level 1:colcon.colcon_core.shell:create_environment_hook('osr_interfaces', 'cmake_prefix_path')
[16.557s] INFO:colcon.colcon_core.shell:Creating environment hook '/home/muarcianos/rover_ws/install/osr_interfaces/share/osr_interfaces/hook/cmake_prefix_path.ps1'
[16.557s] INFO:colcon.colcon_core.shell:Creating environment descriptor '/home/muarcianos/rover_ws/install/osr_interfaces/share/osr_interfaces/hook/cmake_prefix_path.dsv'
[16.558s] INFO:colcon.colcon_core.shell:Creating environment hook '/home/muarcianos/rover_ws/install/osr_interfaces/share/osr_interfaces/hook/cmake_prefix_path.sh'
[16.559s] Level 1:colcon.colcon_core.environment:checking '/home/muarcianos/rover_ws/install/osr_interfaces/lib'
[16.559s] Level 1:colcon.colcon_core.shell:create_environment_hook('osr_interfaces', 'ld_library_path_lib')
[16.559s] INFO:colcon.colcon_core.shell:Creating environment hook '/home/muarcianos/rover_ws/install/osr_interfaces/share/osr_interfaces/hook/ld_library_path_lib.ps1'
[16.560s] INFO:colcon.colcon_core.shell:Creating environment descriptor '/home/muarcianos/rover_ws/install/osr_interfaces/share/osr_interfaces/hook/ld_library_path_lib.dsv'
[16.561s] INFO:colcon.colcon_core.shell:Creating environment hook '/home/muarcianos/rover_ws/install/osr_interfaces/share/osr_interfaces/hook/ld_library_path_lib.sh'
[16.561s] Level 1:colcon.colcon_core.environment:checking '/home/muarcianos/rover_ws/install/osr_interfaces/bin'
[16.562s] Level 1:colcon.colcon_core.environment:checking '/home/muarcianos/rover_ws/install/osr_interfaces/lib/pkgconfig/osr_interfaces.pc'
[16.562s] Level 1:colcon.colcon_core.environment:checking '/home/muarcianos/rover_ws/install/osr_interfaces/lib/python3.12/site-packages'
[16.562s] Level 1:colcon.colcon_core.shell:create_environment_hook('osr_interfaces', 'pythonpath')
[16.562s] INFO:colcon.colcon_core.shell:Creating environment hook '/home/muarcianos/rover_ws/install/osr_interfaces/share/osr_interfaces/hook/pythonpath.ps1'
[16.563s] INFO:colcon.colcon_core.shell:Creating environment descriptor '/home/muarcianos/rover_ws/install/osr_interfaces/share/osr_interfaces/hook/pythonpath.dsv'
[16.564s] INFO:colcon.colcon_core.shell:Creating environment hook '/home/muarcianos/rover_ws/install/osr_interfaces/share/osr_interfaces/hook/pythonpath.sh'
[16.566s] Level 1:colcon.colcon_core.environment:checking '/home/muarcianos/rover_ws/install/osr_interfaces/bin'
[16.567s] INFO:colcon.colcon_core.shell:Creating package script '/home/muarcianos/rover_ws/install/osr_interfaces/share/osr_interfaces/package.ps1'
[16.567s] INFO:colcon.colcon_core.shell:Creating package descriptor '/home/muarcianos/rover_ws/install/osr_interfaces/share/osr_interfaces/package.dsv'
[16.569s] INFO:colcon.colcon_core.shell:Creating package script '/home/muarcianos/rover_ws/install/osr_interfaces/share/osr_interfaces/package.sh'
[16.570s] INFO:colcon.colcon_core.shell:Creating package script '/home/muarcianos/rover_ws/install/osr_interfaces/share/osr_interfaces/package.bash'
[16.571s] INFO:colcon.colcon_core.shell:Creating package script '/home/muarcianos/rover_ws/install/osr_interfaces/share/osr_interfaces/package.zsh'
[16.573s] Level 1:colcon.colcon_core.environment:create_file_with_runtime_dependencies(/home/muarcianos/rover_ws/install/osr_interfaces/share/colcon-core/packages/osr_interfaces)
[16.575s] INFO:colcon.colcon_ros.task.ament_python.build:Building ROS package in '/home/muarcianos/rover_ws/src/osr-rover-code/ROS/osr_control' with build type 'ament_python'
[16.575s] Level 1:colcon.colcon_core.shell:create_environment_hook('osr_control', 'ament_prefix_path')
[16.575s] INFO:colcon.colcon_core.shell:Creating environment hook '/home/muarcianos/rover_ws/install/osr_control/share/osr_control/hook/ament_prefix_path.ps1'
[16.576s] INFO:colcon.colcon_core.shell:Creating environment descriptor '/home/muarcianos/rover_ws/install/osr_control/share/osr_control/hook/ament_prefix_path.dsv'
[16.577s] INFO:colcon.colcon_core.shell:Creating environment hook '/home/muarcianos/rover_ws/install/osr_control/share/osr_control/hook/ament_prefix_path.sh'
[16.578s] INFO:colcon.colcon_core.shell:Skip shell extension 'powershell' for command environment: Not usable outside of PowerShell
[16.578s] DEBUG:colcon.colcon_core.shell:Skip shell extension 'dsv' for command environment
[16.915s] INFO:colcon.colcon_core.task.python.build:Building Python package in '/home/muarcianos/rover_ws/src/osr-rover-code/ROS/osr_control'
[16.915s] INFO:colcon.colcon_core.shell:Skip shell extension 'powershell' for command environment: Not usable outside of PowerShell
[16.915s] DEBUG:colcon.colcon_core.shell:Skip shell extension 'dsv' for command environment
[18.221s] DEBUG:colcon.colcon_core.event_handler.log_command:Invoking command in '/home/muarcianos/rover_ws/src/osr-rover-code/ROS/osr_control': AMENT_PREFIX_PATH=/home/muarcianos/rover_ws/install/osr_interfaces:${AMENT_PREFIX_PATH} CMAKE_PREFIX_PATH=/home/muarcianos/rover_ws/install/osr_interfaces:${CMAKE_PREFIX_PATH} DEBUGINFOD_URLS=https://debuginfod.ubuntu.com LD_LIBRARY_PATH=/home/muarcianos/rover_ws/install/osr_interfaces/lib:${LD_LIBRARY_PATH} PS1=(venv) \[\e]0;\u@\h: \w\a\]${debian_chroot:+($debian_chroot)}\[\033[01;32m\]\u@\h\[\033[00m\]:\[\033[01;34m\]\w\[\033[00m\]\$ PYTHONPATH=/home/muarcianos/rover_ws/build/osr_control/prefix_override:/usr/lib/python3/dist-packages/colcon_core/task/python/colcon_distutils_commands:/home/muarcianos/rover_ws/install/osr_control/lib/python3.12/site-packages:/home/muarcianos/rover_ws/install/osr_interfaces/lib/python3.12/site-packages:${PYTHONPATH} VIRTUAL_ENV_PROMPT=(venv) /usr/bin/python3 -W ignore:setup.py install is deprecated -W ignore:easy_install command is deprecated setup.py egg_info --egg-base ../../../../build/osr_control build --build-base /home/muarcianos/rover_ws/build/osr_control/build install --record /home/muarcianos/rover_ws/build/osr_control/install.log --single-version-externally-managed install_data
[19.042s] Level 1:colcon.colcon_core.environment:checking '/home/muarcianos/rover_ws/install/osr_control' for CMake module files
[19.043s] DEBUG:colcon.colcon_core.event_handler.log_command:Invoked command in '/home/muarcianos/rover_ws/src/osr-rover-code/ROS/osr_control' returned '0': AMENT_PREFIX_PATH=/home/muarcianos/rover_ws/install/osr_interfaces:${AMENT_PREFIX_PATH} CMAKE_PREFIX_PATH=/home/muarcianos/rover_ws/install/osr_interfaces:${CMAKE_PREFIX_PATH} DEBUGINFOD_URLS=https://debuginfod.ubuntu.com LD_LIBRARY_PATH=/home/muarcianos/rover_ws/install/osr_interfaces/lib:${LD_LIBRARY_PATH} PS1=(venv) \[\e]0;\u@\h: \w\a\]${debian_chroot:+($debian_chroot)}\[\033[01;32m\]\u@\h\[\033[00m\]:\[\033[01;34m\]\w\[\033[00m\]\$ PYTHONPATH=/home/muarcianos/rover_ws/build/osr_control/prefix_override:/usr/lib/python3/dist-packages/colcon_core/task/python/colcon_distutils_commands:/home/muarcianos/rover_ws/install/osr_control/lib/python3.12/site-packages:/home/muarcianos/rover_ws/install/osr_interfaces/lib/python3.12/site-packages:${PYTHONPATH} VIRTUAL_ENV_PROMPT=(venv) /usr/bin/python3 -W ignore:setup.py install is deprecated -W ignore:easy_install command is deprecated setup.py egg_info --egg-base ../../../../build/osr_control build --build-base /home/muarcianos/rover_ws/build/osr_control/build install --record /home/muarcianos/rover_ws/build/osr_control/install.log --single-version-externally-managed install_data
[19.044s] Level 1:colcon.colcon_core.environment:checking '/home/muarcianos/rover_ws/install/osr_control' for CMake config files
[19.044s] Level 1:colcon.colcon_core.environment:checking '/home/muarcianos/rover_ws/install/osr_control/lib'
[19.044s] Level 1:colcon.colcon_core.environment:checking '/home/muarcianos/rover_ws/install/osr_control/bin'
[19.044s] Level 1:colcon.colcon_core.environment:checking '/home/muarcianos/rover_ws/install/osr_control/lib/pkgconfig/osr_control.pc'
[19.045s] Level 1:colcon.colcon_core.environment:checking '/home/muarcianos/rover_ws/install/osr_control/lib/python3.12/site-packages'
[19.045s] Level 1:colcon.colcon_core.shell:create_environment_hook('osr_control', 'pythonpath')
[19.045s] INFO:colcon.colcon_core.shell:Creating environment hook '/home/muarcianos/rover_ws/install/osr_control/share/osr_control/hook/pythonpath.ps1'
[19.046s] INFO:colcon.colcon_core.shell:Creating environment descriptor '/home/muarcianos/rover_ws/install/osr_control/share/osr_control/hook/pythonpath.dsv'
[19.046s] INFO:colcon.colcon_core.shell:Creating environment hook '/home/muarcianos/rover_ws/install/osr_control/share/osr_control/hook/pythonpath.sh'
[19.047s] Level 1:colcon.colcon_core.environment:checking '/home/muarcianos/rover_ws/install/osr_control/bin'
[19.047s] Level 1:colcon.colcon_core.environment:create_environment_scripts_only(osr_control)
[19.047s] INFO:colcon.colcon_core.shell:Creating package script '/home/muarcianos/rover_ws/install/osr_control/share/osr_control/package.ps1'
[19.048s] INFO:colcon.colcon_core.shell:Creating package descriptor '/home/muarcianos/rover_ws/install/osr_control/share/osr_control/package.dsv'
[19.048s] INFO:colcon.colcon_core.shell:Creating package script '/home/muarcianos/rover_ws/install/osr_control/share/osr_control/package.sh'
[19.049s] INFO:colcon.colcon_core.shell:Creating package script '/home/muarcianos/rover_ws/install/osr_control/share/osr_control/package.bash'
[19.049s] INFO:colcon.colcon_core.shell:Creating package script '/home/muarcianos/rover_ws/install/osr_control/share/osr_control/package.zsh'
[19.049s] Level 1:colcon.colcon_core.environment:create_file_with_runtime_dependencies(/home/muarcianos/rover_ws/install/osr_control/share/colcon-core/packages/osr_control)
[19.050s] DEBUG:colcon.colcon_parallel_executor.executor.parallel:closing loop
[19.050s] DEBUG:colcon.colcon_parallel_executor.executor.parallel:loop closed
[19.050s] DEBUG:colcon.colcon_parallel_executor.executor.parallel:run_until_complete finished with '0'
[19.050s] DEBUG:colcon.colcon_core.event_reactor:joining thread
[19.058s] INFO:colcon.colcon_core.plugin_system:Skipping extension 'colcon_notification.desktop_notification.terminal_notifier': Not used on non-Darwin systems
[19.058s] INFO:colcon.colcon_core.plugin_system:Skipping extension 'colcon_notification.desktop_notification.win32': Not used on non-Windows systems
[19.058s] INFO:colcon.colcon_notification.desktop_notification:Sending desktop notification using 'notify2'
[19.059s] DEBUG:colcon.colcon_notification.desktop_notification.notify2:Failed to initialize notify2: org.freedesktop.DBus.Error.ServiceUnknown: The name org.freedesktop.Notifications was not provided by any .service files
[19.059s] DEBUG:colcon.colcon_core.event_reactor:joined thread
[19.060s] INFO:colcon.colcon_core.shell:Creating prefix script '/home/muarcianos/rover_ws/install/local_setup.ps1'
[19.061s] INFO:colcon.colcon_core.shell:Creating prefix util module '/home/muarcianos/rover_ws/install/_local_setup_util_ps1.py'
[19.063s] INFO:colcon.colcon_core.shell:Creating prefix chain script '/home/muarcianos/rover_ws/install/setup.ps1'
[19.064s] INFO:colcon.colcon_core.shell:Creating prefix script '/home/muarcianos/rover_ws/install/local_setup.sh'
[19.066s] INFO:colcon.colcon_core.shell:Creating prefix util module '/home/muarcianos/rover_ws/install/_local_setup_util_sh.py'
[19.068s] INFO:colcon.colcon_core.shell:Creating prefix chain script '/home/muarcianos/rover_ws/install/setup.sh'
[19.070s] INFO:colcon.colcon_core.shell:Creating prefix script '/home/muarcianos/rover_ws/install/local_setup.bash'
[19.071s] INFO:colcon.colcon_core.shell:Creating prefix chain script '/home/muarcianos/rover_ws/install/setup.bash'
[19.072s] INFO:colcon.colcon_core.shell:Creating prefix script '/home/muarcianos/rover_ws/install/local_setup.zsh'
[19.074s] INFO:colcon.colcon_core.shell:Creating prefix chain script '/home/muarcianos/rover_ws/install/setup.zsh'
